<html>
<body>
<pre>
<h1>礦ision Build Log</h1>
<h2>Project:</h2>
F:\E electroic\T temp\标准工程\复件 standard prj3\USER\Template.uvproj
Project File Date:  08/11/2015

<h2>Output:</h2>
Build target 'Template'
compiling CommPc.c...
linking...
Program Size: Code=42880 RO-data=4312 RW-data=328 ZI-data=2568  
FromELF: creating hex file...
"..\OBJ\Template.axf" - 0 Error(s), 0 Warning(s).
</pre>
</body>
</html>
.c...
compiling key.c...
compiling led.c...
compiling pwm.c...
compiling timer_3th.c...
compiling usart2.c...
compiling hc05.c...
compiling timer_5th.c...
compiling CommPc.c...
compiling UART1.c...
..\HARDWARE\CommPC\UART1.c(190): warning:  #177-D: variable "i" was declared but never referenced
    uint8_t i;
..\HARDWARE\CommPC\UART1.c: 1 warning, 0 errors
linking...
Program Size: Code=42812 RO-data=4316 RW-data=328 ZI-data=2568  
FromELF: creating hex file...
"..\OBJ\Template.axf" - 0 Error(s), 1 Warning(s).
