Product: MDK-ARM Professional 5.10
Component: ARM Compiler 5.04 update 1 (build 49)
Tool: armlink [5040049]

==============================================================================

Section Cross References

    main.o(.text) refers to sys.o(.text) for Stm32_Clock_Init
    main.o(.text) refers to uart1.o(.text) for UART1_init
    main.o(.text) refers to delay.o(.text) for delay_init
    main.o(.text) refers to control.o(.text) for pid_Init
    main.o(.text) refers to led.o(.text) for LED_Init
    main.o(.text) refers to exti.o(.text) for EXTIX_Init
    main.o(.text) refers to adc.o(.text) for Adc_Init
    main.o(.text) refers to pwm.o(.text) for Motor_Init
    main.o(.text) refers to hc05.o(.text) for HC05_Init
    main.o(.text) refers to inv_mpu.o(.text) for mpu_dmp_init
    main.o(.text) refers to timer_3th.o(.text) for TIM2_Int_Init
    main.o(.text) refers to commpc.o(.text) for test_SendPC
    system_stm32f10x.o(.text) refers to system_stm32f10x.o(.data) for SystemCoreClock
    control.o(.text) refers to _printf_percent.o(.ARM.Collect$$_printf_percent$$00000000) for _printf_percent
    control.o(.text) refers to _printf_d.o(.ARM.Collect$$_printf_percent$$00000009) for _printf_d
    control.o(.text) refers to _printf_dec.o(.text) for _printf_int_dec
    control.o(.text) refers to _printf_f.o(.ARM.Collect$$_printf_percent$$00000003) for _printf_f
    control.o(.text) refers to printf1.o(x$fpl$printf1) for _printf_fp_dec
    control.o(.text) refers to h1_alloc.o(.text) for malloc
    control.o(.text) refers to faddsub_clz.o(x$fpl$fsub) for __aeabi_fsub
    control.o(.text) refers to ffix.o(x$fpl$ffix) for __aeabi_f2iz
    control.o(.text) refers to fflt_clz.o(x$fpl$fflt) for __aeabi_i2f
    control.o(.text) refers to frleqf.o(x$fpl$frleqf) for __aeabi_cfrcmple
    control.o(.text) refers to faddsub_clz.o(x$fpl$fadd) for __aeabi_fadd
    control.o(.text) refers to fmul.o(x$fpl$fmul) for __aeabi_fmul
    control.o(.text) refers to fflt_clz.o(x$fpl$ffltu) for __aeabi_ui2f
    control.o(.text) refers to f2d.o(x$fpl$f2d) for __aeabi_f2d
    control.o(.text) refers to dmul.o(x$fpl$dmul) for __aeabi_dmul
    control.o(.text) refers to d2f.o(x$fpl$d2f) for __aeabi_d2f
    control.o(.text) refers to ffixu.o(x$fpl$ffixu) for __aeabi_f2uiz
    control.o(.text) refers to __2printf.o(.text) for __2printf
    control.o(.text) refers to control.o(.data) for roll_angle_pid
    control.o(.text) refers to control.o(.bss) for RC_DATA
    control.o(.text) refers to commpc.o(.bss) for imu
    startup_stm32f10x_hd.o(STACK) refers (Special) to heapauxi.o(.text) for __use_two_region_memory
    startup_stm32f10x_hd.o(HEAP) refers (Special) to heapauxi.o(.text) for __use_two_region_memory
    startup_stm32f10x_hd.o(RESET) refers (Special) to heapauxi.o(.text) for __use_two_region_memory
    startup_stm32f10x_hd.o(RESET) refers to startup_stm32f10x_hd.o(STACK) for __initial_sp
    startup_stm32f10x_hd.o(RESET) refers to startup_stm32f10x_hd.o(.text) for Reset_Handler
    startup_stm32f10x_hd.o(RESET) refers to stm32f10x_it.o(.text) for NMI_Handler
    startup_stm32f10x_hd.o(RESET) refers to exti.o(.text) for EXTI9_5_IRQHandler
    startup_stm32f10x_hd.o(RESET) refers to timer_3th.o(.text) for TIM2_IRQHandler
    startup_stm32f10x_hd.o(RESET) refers to usart2.o(.text) for TIM4_IRQHandler
    startup_stm32f10x_hd.o(RESET) refers to uart1.o(.text) for USART1_IRQHandler
    startup_stm32f10x_hd.o(RESET) refers to timer_5th.o(.text) for TIM5_IRQHandler
    startup_stm32f10x_hd.o(.text) refers (Special) to heapauxi.o(.text) for __use_two_region_memory
    startup_stm32f10x_hd.o(.text) refers to system_stm32f10x.o(.text) for SystemInit
    startup_stm32f10x_hd.o(.text) refers to __main.o(!!!main) for __main
    startup_stm32f10x_hd.o(.text) refers to startup_stm32f10x_hd.o(HEAP) for Heap_Mem
    startup_stm32f10x_hd.o(.text) refers to startup_stm32f10x_hd.o(STACK) for Stack_Mem
    stm32f10x_adc.o(.text) refers to stm32f10x_rcc.o(.text) for RCC_APB2PeriphResetCmd
    stm32f10x_bkp.o(.text) refers to stm32f10x_rcc.o(.text) for RCC_BackupResetCmd
    stm32f10x_can.o(.text) refers to stm32f10x_rcc.o(.text) for RCC_APB1PeriphResetCmd
    stm32f10x_cec.o(.text) refers to stm32f10x_rcc.o(.text) for RCC_APB1PeriphResetCmd
    stm32f10x_dac.o(.text) refers to stm32f10x_rcc.o(.text) for RCC_APB1PeriphResetCmd
    stm32f10x_gpio.o(.text) refers to stm32f10x_rcc.o(.text) for RCC_APB2PeriphResetCmd
    stm32f10x_i2c.o(.text) refers to stm32f10x_rcc.o(.text) for RCC_APB1PeriphResetCmd
    stm32f10x_pwr.o(.text) refers to stm32f10x_rcc.o(.text) for RCC_APB1PeriphResetCmd
    stm32f10x_rcc.o(.text) refers to stm32f10x_rcc.o(.data) for APBAHBPrescTable
    stm32f10x_spi.o(.text) refers to stm32f10x_rcc.o(.text) for RCC_APB2PeriphResetCmd
    stm32f10x_tim.o(.text) refers to stm32f10x_rcc.o(.text) for RCC_APB2PeriphResetCmd
    stm32f10x_usart.o(.text) refers to stm32f10x_rcc.o(.text) for RCC_APB2PeriphResetCmd
[...]
    NVIC_Init                                0x080008a7   Thumb Code   100  misc.o(.text)
    NVIC_SetVectorTable                      0x0800090b   Thumb Code    14  misc.o(.text)
    NVIC_SystemLPConfig                      0x08000919   Thumb Code    34  misc.o(.text)
    SysTick_CLKSourceConfig                  0x0800093b   Thumb Code    40  misc.o(.text)
    ADC_DeInit                               0x08000979   Thumb Code    78  stm32f10x_adc.o(.text)
    ADC_Init                                 0x080009c7   Thumb Code    70  stm32f10x_adc.o(.text)
    ADC_StructInit                           0x08000a0d   Thumb Code    18  stm32f10x_adc.o(.text)
    ADC_Cmd                                  0x08000a1f   Thumb Code    22  stm32f10x_adc.o(.text)
    ADC_DMACmd                               0x08000a35   Thumb Code    22  stm32f10x_adc.o(.text)
    ADC_ITConfig                             0x08000a4b   Thumb Code    24  stm32f10x_adc.o(.text)
    ADC_ResetCalibration                     0x08000a63   Thumb Code    10  stm32f10x_adc.o(.text)
    ADC_GetResetCalibrationStatus            0x08000a6d   Thumb Code    20  stm32f10x_adc.o(.text)
    ADC_StartCalibration                     0x08000a81   Thumb Code    10  stm32f10x_adc.o(.text)
    ADC_GetCalibrationStatus                 0x08000a8b   Thumb Code    20  stm32f10x_adc.o(.text)
    ADC_SoftwareStartConvCmd                 0x08000a9f   Thumb Code    22  stm32f10x_adc.o(.text)
    ADC_GetSoftwareStartConvStatus           0x08000ab5   Thumb Code    20  stm32f10x_adc.o(.text)
    ADC_DiscModeChannelCountConfig           0x08000ac9   Thumb Code    24  stm32f10x_adc.o(.text)
    ADC_DiscModeCmd                          0x08000ae1   Thumb Code    22  stm32f10x_adc.o(.text)
    ADC_RegularChannelConfig                 0x08000af7   Thumb Code   184  stm32f10x_adc.o(.text)
    ADC_ExternalTrigConvCmd                  0x08000baf   Thumb Code    22  stm32f10x_adc.o(.text)
    ADC_GetConversionValue                   0x08000bc5   Thumb Code     8  stm32f10x_adc.o(.text)
    ADC_GetDualModeConversionValue           0x08000bcd   Thumb Code     8  stm32f10x_adc.o(.text)
    ADC_AutoInjectedConvCmd                  0x08000bd5   Thumb Code    22  stm32f10x_adc.o(.text)
    ADC_InjectedDiscModeCmd                  0x08000beb   Thumb Code    22  stm32f10x_adc.o(.text)
    ADC_ExternalTrigInjectedConvConfig       0x08000c01   Thumb Code    16  stm32f10x_adc.o(.text)
    ADC_ExternalTrigInjectedConvCmd          0x08000c11   Thumb Code    22  stm32f10x_adc.o(.text)
    ADC_SoftwareStartInjectedConvCmd         0x08000c27   Thumb Code    22  stm32f10x_adc.o(.text)
    ADC_GetSoftwareStartInjectedConvCmdStatus 0x08000c3d   Thumb Code    20  stm32f10x_adc.o(.text)
    ADC_InjectedChannelConfig                0x08000c51   Thumb Code   130  stm32f10x_adc.o(.text)
    ADC_InjectedSequencerLengthConfig        0x08000cd3   Thumb Code    24  stm32f10x_adc.o(.text)
    ADC_SetInjectedOffset                    0x08000ceb   Thumb Code    20  stm32f10x_adc.o(.text)
    ADC_GetInjectedConversionValue           0x08000cff   Thumb Code    28  stm32f10x_adc.o(.text)
    ADC_AnalogWatchdogCmd                    0x08000d1b   Thumb Code    16  stm32f10x_adc.o(.text)
    ADC_AnalogWatchdogThresholdsConfig       0x08000d2b   Thumb Code     6  stm32f10x_adc.o(.text)
    ADC_AnalogWatchdogSingleChannelConfig    0x08000d31   Thumb Code    16  stm32f10x_adc.o(.text)
    ADC_TempSensorVrefintCmd                 0x08000d41   Thumb Code    64  stm32f10x_adc.o(.text)
    ADC_GetFlagStatus                        0x08000d81   Thumb Code    18  stm32f10x_adc.o(.text)
    ADC_ClearFlag                            0x08000d93   Thumb Code     6  stm32f10x_adc.o(.text)
    ADC_GetITStatus                          0x08000d99   Thumb Code    36  stm32f10x_adc.o(.text)
    ADC_ClearITPendingBit                    0x08000dbd   Thumb Code    10  stm32f10x_adc.o(.text)
    EXTI_DeInit                              0x08000dc9   Thumb Code    28  stm32f10x_exti.o(.text)
    EXTI_Init                                0x08000de5   Thumb Code   142  stm32f10x_exti.o(.text)
    EXTI_StructInit                          0x08000e73   Thumb Code    16  stm32f10x_exti.o(.text)
    EXTI_GenerateSWInterrupt                 0x08000e83   Thumb Code    16  stm32f10x_exti.o(.text)
    EXTI_GetFlagStatus                       0x08000e93   Thumb Code    22  stm32f10x_exti.o(.text)
    EXTI_ClearFlag                           0x08000ea9   Thumb Code     8  stm32f10x_exti.o(.text)
    EXTI_GetITStatus                         0x08000eb1   Thumb Code    34  stm32f10x_exti.o(.text)
    EXTI_ClearITPendingBit                   0x08000ed3   Thumb Code     8  stm32f10x_exti.o(.text)
    GPIO_DeInit                              0x08000ee5   Thumb Code   172  stm32f10x_gpio.o(.text)
    GPIO_AFIODeInit                          0x08000f91   Thumb Code    20  stm32f10x_gpio.o(.text)
    GPIO_Init                                0x08000fa5   Thumb Code   278  stm32f10x_gpio.o(.text)
    GPIO_StructInit                          0x080010bb   Thumb Code    16  stm32f10x_gpio.o(.text)
    GPIO_ReadInputDataBit                    0x080010cb   Thumb Code    18  stm32f10x_gpio.o(.text)
    GPIO_ReadInputData                       0x080010dd   Thumb Code     8  stm32f10x_gpio.o(.text)
    GPIO_ReadOutputDataBit                   0x080010e5   Thumb Code    18  stm32f10x_gpio.o(.text)
    GPIO_ReadOutputData                      0x080010f7   Thumb Code     8  stm32f10x_gpio.o(.text)
    GPIO_SetBits                             0x080010ff   Thumb Code     4  stm32f10x_gpio.o(.text)
    GPIO_ResetBits                           0x08001103   Thumb Code     4  stm32f10x_gpio.o(.text)
    GPIO_WriteBit                            0x08001107   Thumb Code    10  stm32f10x_gpio.o(.text)
    GPIO_Write                               0x08001111   Thumb Code     4  stm32f10x_gpio.o(.text)
    GPIO_PinLockConfig                       0x08001115   Thumb Code    18  stm32f10x_gpio.o(.text)
    GPIO_EventOutputConfig                   0x08001127   Thumb Code    26  stm32f10x_gpio.o(.text)
    GPIO_EventOutputCmd                      0x08001141   Thumb Code     6  stm32f10x_gpio.o(.text)
    GPIO_PinRemapConfig                      0x08001147   Thumb Code   138  stm32f10x_gpio.o(.text)
    GPIO_EXTILineConfig                      0x080011d1   Thumb Code    66  stm32f10x_gpio.o(.text)
    GPIO_ETH_MediaInterfaceConfig            0x08001213   Thumb Code     8  stm32f10x_gpio.o(.text)
    RCC_DeInit                               0x08001241   Thumb Code    64  stm32f10x_rcc.o(.text)
    RCC_HSEConfig                            0x08001281   Thumb Code    70  stm32f10x_rcc.o(.text)
    RCC_GetFlagStatus                        0x080012c7   Thumb Code    56  stm32f10x_rcc.o(.text)
    RCC_WaitForHSEStartUp                    0x080012ff   Thumb Code    56  stm32f10x_rcc.o(.text)
    RCC_AdjustHSICalibrationValue            0x08001337   Thumb Code    20  stm32f10x_rcc.o(.text)
    RCC_HSICmd                               0x0800134b   Thumb Code     6  stm32f10x_rcc.o(.text)
    RCC_PLLConfig                            0x08001351   Thumb Code    24  stm32f10x_rcc.o(.text)
    RCC_PLLCmd                               0x08001369   Thumb Code     6  stm32f10x_rcc.o(.text)
    RCC_SYSCLKConfig                         0x0800136f   Thumb Code    18  stm32f10x_rcc.o(.text)
    RCC_GetSYSCLKSource                      0x08001381   Thumb Code    10  stm32f10x_rcc.o(.text)
    RCC_HCLKConfig                           0x0800138b   Thumb Code    18  stm32f10x_rcc.o(.text)
    RCC_PCLK1Config                          0x0800139d   Thumb Code    18  stm32f10x_rcc.o(.text)
    RCC_PCLK2Config                          0x080013af   Thumb Code    20  stm32f10x_rcc.o(.text)
    RCC_ITConfig                             0x080013c3   Thumb Code    26  stm32f10x_rcc.o(.text)
    RCC_USBCLKConfig                         0x080013dd   Thumb Code     8  stm32f10x_rcc.o(.text)
    RCC_ADCCLKConfig                         0x080013e5   Thumb Code    18  stm32f10x_rcc.o(.text)
    RCC_LSEConfig                            0x080013f7   Thumb Code    50  stm32f10x_rcc.o(.text)
    RCC_LSICmd                               0x08001429   Thumb Code     6  stm32f10x_rcc.o(.text)
    RCC_RTCCLKConfig                         0x0800142f   Thumb Code    12  stm32f10x_rcc.o(.text)
    RCC_RTCCLKCmd                            0x0800143b   Thumb Code     8  stm32f10x_rcc.o(.text)
    RCC_GetClocksFreq                        0x08001443   Thumb Code   192  stm32f10x_rcc.o(.text)
    RCC_AHBPeriphClockCmd                    0x08001503   Thumb Code    26  stm32f10x_rcc.o(.text)
    RCC_APB2PeriphClockCmd                   0x0800151d   Thumb Code    26  stm32f10x_rcc.o(.text)
    RCC_APB1PeriphClockCmd                   0x08001537   Thumb Code    26  stm32f10x_rcc.o(.text)
    RCC_APB2PeriphResetCmd                   0x08001551   Thumb Code    26  stm32f10x_rcc.o(.text)
    RCC_APB1PeriphResetCmd                   0x0800156b   Thumb Code    26  stm32f10x_rcc.o(.text)
    RCC_BackupResetCmd                       0x08001585   Thumb Code     8  stm32f10x_rcc.o(.text)
    RCC_ClockSecuritySystemCmd               0x0800158d   Thumb Code     6  stm32f10x_rcc.o(.text)
    RCC_MCOConfig                            0x08001593   Thumb Code     6  stm32f10x_rcc.o(.text)
    RCC_ClearFlag                            0x08001599   Thumb Code    14  stm32f10x_rcc.o(.text)
    RCC_GetITStatus                          0x080015a7   Thumb Code    20  stm32f10x_rcc.o(.text)
    RCC_ClearITPendingBit                    0x080015bb   Thumb Code     6  stm32f10x_rcc.o(.text)
    TIM_DeInit                               0x080015e5   Thumb Code   424  stm32f10x_tim.o(.text)
    TIM_TimeBaseInit                         0x0800178d   Thumb Code   122  stm32f10x_tim.o(.text)
    TIM_OC1Init                              0x08001807   Thumb Code   132  stm32f10x_tim.o(.text)
    TIM_OC2Init                              0x0800188b   Thumb Code   154  stm32f10x_tim.o(.text)
    TIM_OC3Init                              0x08001925   Thumb Code   150  stm32f10x_tim.o(.text)
    TIM_OC4Init                              0x080019bb   Thumb Code   182  stm32f10x_tim.o(.text)
    TIM_SetIC4Prescaler                      0x08001a71   Thumb Code    26  stm32f10x_tim.o(.text)
    TIM_SetIC3Prescaler                      0x08001b0d   Thumb Code    18  stm32f10x_tim.o(.text)
    TIM_SetIC2Prescaler                      0x08001b99   Thumb Code    26  stm32f10x_tim.o(.text)
    TIM_SetIC1Prescaler                      0x08001c35   Thumb Code    18  stm32f10x_tim.o(.text)
    TIM_ICInit                               0x08001cb3   Thumb Code   150  stm32f10x_tim.o(.text)
    TIM_PWMIConfig                           0x08001d49   Thumb Code   124  stm32f10x_tim.o(.text)
    TIM_BDTRConfig                           0x08001dc5   Thumb Code    32  stm32f10x_tim.o(.text)
    TIM_TimeBaseStructInit                   0x08001de5   Thumb Code    18  stm32f10x_tim.o(.text)
    TIM_OCStructInit                         0x08001df7   Thumb Code    20  stm32f10x_tim.o(.text)
    TIM_ICStructInit                         0x08001e0b   Thumb Code    18  stm32f10x_tim.o(.text)
    TIM_BDTRStructInit                       0x08001e1d   Thumb Code    40  stm32f10x_tim.o(.text)
    TIM_Cmd                                  0x08001e45   Thumb Code    24  stm32f10x_tim.o(.text)
    TIM_CtrlPWMOutputs                       0x08001e5d   Thumb Code    30  stm32f10x_tim.o(.text)
    TIM_ITConfig                             0x08001e7b   Thumb Code    18  stm32f10x_tim.o(.text)
    TIM_GenerateEvent                        0x08001e8d   Thumb Code     4  stm32f10x_tim.o(.text)
    TIM_DMAConfig                            0x08001e91   Thumb Code    10  stm32f10x_tim.o(.text)
    TIM_DMACmd                               0x08001e9b   Thumb Code    18  stm32f10x_tim.o(.text)
    TIM_InternalClockConfig                  0x08001ead   Thumb Code    12  stm32f10x_tim.o(.text)
    TIM_SelectInputTrigger                   0x08001eb9   Thumb Code    18  stm32f10x_tim.o(.text)
    TIM_ITRxExternalClockConfig              0x08001ecb   Thumb Code    24  stm32f10x_tim.o(.text)
    TIM_TIxExternalClockConfig               0x08001ee3   Thumb Code    62  stm32f10x_tim.o(.text)
    TIM_ETRConfig                            0x08001f21   Thumb Code    28  stm32f10x_tim.o(.text)
    TIM_ETRClockMode1Config                  0x08001f3d   Thumb Code    54  stm32f10x_tim.o(.text)
    TIM_ETRClockMode2Config                  0x08001f73   Thumb Code    32  stm32f10x_tim.o(.text)
    TIM_PrescalerConfig                      0x08001f93   Thumb Code     6  stm32f10x_tim.o(.text)
    TIM_CounterModeConfig                    0x08001f99   Thumb Code    18  stm32f10x_tim.o(.text)
    TIM_EncoderInterfaceConfig               0x08001fab   Thumb Code    66  stm32f10x_tim.o(.text)
    TIM_ForcedOC1Config                      0x08001fed   Thumb Code    18  stm32f10x_tim.o(.text)
    TIM_ForcedOC2Config                      0x08001fff   Thumb Code    26  stm32f10x_tim.o(.text)
    TIM_ForcedOC3Config                      0x08002019   Thumb Code    18  stm32f10x_tim.o(.text)
    TIM_ForcedOC4Config                      0x0800202b   Thumb Code    26  stm32f10x_tim.o(.text)
    TIM_ARRPreloadConfig                     0x08002045   Thumb Code    24  stm32f10x_tim.o(.text)
    TIM_SelectCOM                            0x0800205d   Thumb Code    24  stm32f10x_tim.o(.text)
    TIM_SelectCCDMA                          0x08002075   Thumb Code    24  stm32f10x_tim.o(.text)
    TIM_CCPreloadControl                     0x0800208d   Thumb Code    24  stm32f10x_tim.o(.text)
    TIM_OC1PreloadConfig                     0x080020a5   Thumb Code    18  stm32f10x_tim.o(.text)
    TIM_OC2PreloadConfig                     0x080020b7   Thumb Code    26  stm32f10x_tim.o(.text)
    TIM_OC3PreloadConfig                     0x080020d1   Thumb Code    18  stm32f10x_tim.o(.text)
    TIM_OC4PreloadConfig                     0x080020e3   Thumb Code    26  stm32f10x_tim.o(.text)
    TIM_OC1FastConfig                        0x080020fd   Thumb Code    18  stm32f10x_tim.o(.text)
    TIM_OC2FastConfig                        0x0800210f   Thumb Code    26  stm32f10x_tim.o(.text)
    TIM_OC3FastConfig                        0x08002129   Thumb Code    18  stm32f10x_tim.o(.text)
    TIM_OC4FastConfig                        0x0800213b   Thumb Code    26  stm32f10x_tim.o(.text)
    TIM_ClearOC1Ref                          0x08002155   Thumb Code    18  stm32f10x_tim.o(.text)
    TIM_ClearOC2Ref                          0x08002167   Thumb Code    24  stm32f10x_tim.o(.text)
    TIM_ClearOC3Ref                          0x0800217f   Thumb Code    18  stm32f10x_tim.o(.text)
    TIM_ClearOC4Ref                          0x08002191   Thumb Code    24  stm32f10x_tim.o(.text)
    TIM_OC1PolarityConfig                    0x080021a9   Thumb Code    18  stm32f10x_tim.o(.text)
    TIM_OC1NPolarityConfig                   0x080021bb   Thumb Code    18  stm32f10x_tim.o(.text)
    TIM_OC2PolarityConfig                    0x080021cd   Thumb Code    26  stm32f10x_tim.o(.text)
    TIM_OC2NPolarityConfig                   0x080021e7   Thumb Code    26  stm32f10x_tim.o(.text)
    TIM_OC3PolarityConfig                    0x08002201   Thumb Code    26  stm32f10x_tim.o(.text)
    TIM_OC3NPolarityConfig                   0x0800221b   Thumb Code    26  stm32f10x_tim.o(.text)
    TIM_OC4PolarityConfig                    0x08002235   Thumb Code    26  stm32f10x_tim.o(.text)
    TIM_CCxCmd                               0x0800224f   Thumb Code    30  stm32f10x_tim.o(.text)
    TIM_CCxNCmd                              0x0800226d   Thumb Code    30  stm32f10x_tim.o(.text)
    TIM_SelectOCxM                           0x0800228b   Thumb Code    82  stm32f10x_tim.o(.text)
    TIM_UpdateDisableConfig                  0x080022dd   Thumb Code    24  stm32f10x_tim.o(.text)
    TIM_UpdateRequestConfig                  0x080022f5   Thumb Code    24  stm32f10x_tim.o(.text)
    TIM_SelectHallSensor                     0x0800230d   Thumb Code    24  stm32f10x_tim.o(.text)
    TIM_SelectOnePulseMode                   0x08002325   Thumb Code    18  stm32f10x_tim.o(.text)
    TIM_SelectOutputTrigger                  0x08002337   Thumb Code    18  stm32f10x_tim.o(.text)
    TIM_SelectSlaveMode                      0x08002349   Thumb Code    18  stm32f10x_tim.o(.text)
    TIM_SelectMasterSlaveMode                0x0800235b   Thumb Code    18  stm32f10x_tim.o(.text)
    TIM_SetCounter                           0x0800236d   Thumb Code     4  stm32f10x_tim.o(.text)
    TIM_SetAutoreload                        0x08002371   Thumb Code     4  stm32f10x_tim.o(.text)
    TIM_SetCompare1                          0x08002375   Thumb Code     4  stm32f10x_tim.o(.text)
    TIM_SetCompare2                          0x08002379   Thumb Code     4  stm32f10x_tim.o(.text)
    TIM_SetCompare3                          0x0800237d   Thumb Code     4  stm32f10x_tim.o(.text)
    TIM_SetCompare4                          0x08002381   Thumb Code     6  stm32f10x_tim.o(.text)
    TIM_SetClockDivision                     0x08002387   Thumb Code    18  stm32f10x_tim.o(.text)
    TIM_GetCapture1                          0x08002399   Thumb Code     6  stm32f10x_tim.o(.text)
    TIM_GetCapture2                          0x0800239f   Thumb Code     6  stm32f10x_tim.o(.text)
    TIM_GetCapture3                          0x080023a5   Thumb Code     6  stm32f10x_tim.o(.text)
    TIM_GetCapture4                          0x080023ab   Thumb Code     8  stm32f10x_tim.o(.text)
    TIM_GetCounter                           0x080023b3   Thumb Code     6  stm32f10x_tim.o(.text)
    TIM_GetPrescaler                         0x080023b9   Thumb Code     6  stm32f10x_tim.o(.text)
    TIM_GetFlagStatus                        0x080023bf   Thumb Code    18  stm32f10x_tim.o(.text)
    TIM_ClearFlag                            0x080023d1   Thumb Code     6  stm32f10x_tim.o(.text)
    TIM_GetITStatus                          0x080023d7   Thumb Code    34  stm32f10x_tim.o(.text)
    TIM_ClearITPendingBit                    0x080023f9   Thumb Code     6  stm32f10x_tim.o(.text)
    USART_DeInit                             0x08002401   Thumb Code   134  stm32f10x_usart.o(.text)
    USART_Init                               0x08002487   Thumb Code   210  stm32f10x_usart.o(.text)
    USART_StructInit                         0x08002559   Thumb Code    24  stm32f10x_usart.o(.text)
    USART_ClockInit                          0x08002571   Thumb Code    34  stm32f10x_usart.o(.text)
    USART_ClockStructInit                    0x08002593   Thumb Code    12  stm32f10x_usart.o(.text)
    USART_Cmd                                0x0800259f   Thumb Code    24  stm32f10x_usart.o(.text)
    USART_ITConfig                           0x080025b7   Thumb Code    74  stm32f10x_usart.o(.text)
    USART_DMACmd                             0x08002601   Thumb Code    18  stm32f10x_usart.o(.text)
    USART_SetAddress                         0x08002613   Thumb Code    18  stm32f10x_usart.o(.text)
    USART_WakeUpConfig                       0x08002625   Thumb Code    18  stm32f10x_usart.o(.text)
    USART_ReceiverWakeUpCmd                  0x08002637   Thumb Code    24  stm32f10x_usart.o(.text)
    USART_LINBreakDetectLengthConfig         0x0800264f   Thumb Code    18  stm32f10x_usart.o(.text)
    USART_LINCmd                             0x08002661   Thumb Code    24  stm32f10x_usart.o(.text)
    USART_SendData                           0x08002679   Thumb Code     8  stm32f10x_usart.o(.text)
    USART_ReceiveData                        0x08002681   Thumb Code    10  stm32f10x_usart.o(.text)
    USART_SendBreak                          0x0800268b   Thumb Code    10  stm32f10x_usart.o(.text)
    USART_SetGuardTime                       0x08002695   Thumb Code    16  stm32f10x_usart.o(.text)
    USART_SetPrescaler                       0x080026a5   Thumb Code    16  stm32f10x_usart.o(.text)
    USART_SmartCardCmd                       0x080026b5   Thumb Code    24  stm32f10x_usart.o(.text)
    USART_SmartCardNACKCmd                   0x080026cd   Thumb Code    24  stm32f10x_usart.o(.text)
    USART_HalfDuplexCmd                      0x080026e5   Thumb Code    24  stm32f10x_usart.o(.text)
    USART_OverSampling8Cmd                   0x080026fd   Thumb Code    22  stm32f10x_usart.o(.text)
    USART_OneBitMethodCmd                    0x08002713   Thumb Code    24  stm32f10x_usart.o(.text)
    USART_IrDAConfig                         0x0800272b   Thumb Code    18  stm32f10x_usart.o(.text)
    USART_IrDACmd                            0x0800273d   Thumb Code    24  stm32f10x_usart.o(.text)
    USART_GetFlagStatus                      0x08002755   Thumb Code    26  stm32f10x_usart.o(.text)
    USART_ClearFlag                          0x0800276f   Thumb Code    18  stm32f10x_usart.o(.text)
    USART_GetITStatus                        0x08002781   Thumb Code    84  stm32f10x_usart.o(.text)
    USART_ClearITPendingBit                  0x080027d5   Thumb Code    52  stm32f10x_usart.o(.text)
    delay_init                               0x08002809   Thumb Code    50  delay.o(.text)
    delay_us                                 0x0800283b   Thumb Code    72  delay.o(.text)
    delay_ms                                 0x08002883   Thumb Code    72  delay.o(.text)
    NVIC_Configuration                       0x080028dd   Thumb Code    12  sys.o(.text)
    MY_NVIC_Init                             0x080028e9   Thumb Code   114  sys.o(.text)
    MY_NVIC_SetVectorTable                   0x0800295b   Thumb Code    12  sys.o(.text)
    MYRCC_DeInit                             0x08002967   Thumb Code    90  sys.o(.text)
    Stm32_Clock_Init                         0x080029c1   Thumb Code   134  sys.o(.text)
    mpu_reg_dump                             0x08002aef   Thumb Code    84  inv_mpu.o(.text)
    mpu_read_reg                             0x08002b43   Thumb Code    66  inv_mpu.o(.text)
    mpu_set_int_latched                      0x08002b85   Thumb Code   102  inv_mpu.o(.text)
    mpu_set_sensors                          0x08002beb   Thumb Code   202  inv_mpu.o(.text)
    mpu_set_bypass                           0x08002cb5   Thumb Code   328  inv_mpu.o(.text)
    mpu_reset_fifo                           0x08002dfd   Thumb Code   472  inv_mpu.o(.text)
    mpu_configure_fifo                       0x08002fd5   Thumb Code   106  inv_mpu.o(.text)
    mpu_set_lpf                              0x0800303f   Thumb Code   126  inv_mpu.o(.text)
    mpu_lp_accel_mode                        0x080030bd   Thumb Code   218  inv_mpu.o(.text)
    mpu_set_sample_rate                      0x08003197   Thumb Code   152  inv_mpu.o(.text)
    mpu_set_accel_fsr                        0x0800322f   Thumb Code   132  inv_mpu.o(.text)
    mpu_set_gyro_fsr                         0x080032b3   Thumb Code   132  inv_mpu.o(.text)
    mpu_init                                 0x08003337   Thumb Code   416  inv_mpu.o(.text)
    mget_ms                                  0x080034d7   Thumb Code     2  inv_mpu.o(.text)
    mpu_get_gyro_reg                         0x080034d9   Thumb Code   110  inv_mpu.o(.text)
    mpu_get_accel_reg                        0x08003547   Thumb Code   110  inv_mpu.o(.text)
    mpu_get_temperature                      0x080035b5   Thumb Code    86  inv_mpu.o(.text)
    mpu_set_accel_bias                       0x0800360b   Thumb Code   480  inv_mpu.o(.text)
    mpu_get_gyro_fsr                         0x080037eb   Thumb Code    64  inv_mpu.o(.text)
    mpu_get_accel_fsr                        0x0800382b   Thumb Code    72  inv_mpu.o(.text)
    mpu_get_lpf                              0x08003873   Thumb Code    74  inv_mpu.o(.text)
    mpu_get_sample_rate                      0x080038bd   Thumb Code    26  inv_mpu.o(.text)
    mpu_get_compass_sample_rate              0x080038d7   Thumb Code    10  inv_mpu.o(.text)
    mpu_set_compass_sample_rate              0x080038e1   Thumb Code     8  inv_mpu.o(.text)
    mpu_get_gyro_sens                        0x080038e9   Thumb Code    58  inv_mpu.o(.text)
    mpu_get_accel_sens                       0x08003923   Thumb Code    78  inv_mpu.o(.text)
    mpu_get_fifo_config                      0x08003971   Thumb Code    12  inv_mpu.o(.text)
    mpu_get_power_state                      0x0800397d   Thumb Code    22  inv_mpu.o(.text)
    mpu_get_int_status                       0x08003993   Thumb Code    64  inv_mpu.o(.text)
    mpu_read_fifo                            0x080039d3   Thumb Code   522  inv_mpu.o(.text)
    mpu_read_fifo_stream                     0x08003bdd   Thumb Code   186  inv_mpu.o(.text)
    mpu_set_int_level                        0x08003c97   Thumb Code    12  inv_mpu.o(.text)
    mpu_set_dmp_state                        0x08004371   Thumb Code   138  inv_mpu.o(.text)
    mpu_run_self_test                        0x080043fb   Thumb Code   278  inv_mpu.o(.text)
    mpu_write_mem                            0x08004511   Thumb Code   122  inv_mpu.o(.text)
    mpu_read_mem                             0x0800458b   Thumb Code   122  inv_mpu.o(.text)
    mpu_load_firmware                        0x08004605   Thumb Code   180  inv_mpu.o(.text)
    mpu_get_dmp_state                        0x080046b9   Thumb Code    14  inv_mpu.o(.text)
    setup_compass                            0x080046c7   Thumb Code     6  inv_mpu.o(.text)
    mpu_get_compass_reg                      0x080046cd   Thumb Code     8  inv_mpu.o(.text)
    mpu_get_compass_fsr                      0x080046d5   Thumb Code     8  inv_mpu.o(.text)
    mpu_lp_motion_interrupt                  0x080046dd   Thumb Code   520  inv_mpu.o(.text)
    run_self_test                            0x080048e5   Thumb Code   148  inv_mpu.o(.text)
    inv_row_2_scale                          0x08004979   Thumb Code    78  inv_mpu.o(.text)
    inv_orientation_matrix_to_scalar         0x080049c7   Thumb Code    40  inv_mpu.o(.text)
    mpu_dmp_init                             0x080049ef   Thumb Code   150  inv_mpu.o(.text)
    mpu_dmp_get_data                         0x08004a85   Thumb Code   558  inv_mpu.o(.text)
    Get_angle                                0x08004cb3   Thumb Code    90  inv_mpu.o(.text)
    dmp_load_motion_driver_firmware          0x08004d39   Thumb Code    20  inv_mpu_dmp_motion_driver.o(.text)
    dmp_set_orientation                      0x08004d4d   Thumb Code   290  inv_mpu_dmp_motion_driver.o(.text)
    dmp_set_gyro_bias                        0x08004e6f   Thumb Code   294  inv_mpu_dmp_motion_driver.o(.text)
    dmp_set_accel_bias                       0x08004f95   Thumb Code   300  inv_mpu_dmp_motion_driver.o(.text)
    dmp_set_fifo_rate                        0x080050c1   Thumb Code   136  inv_mpu_dmp_motion_driver.o(.text)
    dmp_get_fifo_rate                        0x08005149   Thumb Code    12  inv_mpu_dmp_motion_driver.o(.text)
    dmp_set_tap_thresh                       0x08005155   Thumb Code   396  inv_mpu_dmp_motion_driver.o(.text)
    dmp_set_tap_axes                         0x080052e1   Thumb Code    70  inv_mpu_dmp_motion_driver.o(.text)
    dmp_set_tap_count                        0x08005327   Thumb Code    38  inv_mpu_dmp_motion_driver.o(.text)
    dmp_set_tap_time                         0x0800534d   Thumb Code    38  inv_mpu_dmp_motion_driver.o(.text)
    dmp_set_tap_time_multi                   0x08005373   Thumb Code    38  inv_mpu_dmp_motion_driver.o(.text)
    dmp_set_shake_reject_thresh              0x08005399   Thumb Code    56  inv_mpu_dmp_motion_driver.o(.text)
    dmp_set_shake_reject_time                0x080053d1   Thumb Code    38  inv_mpu_dmp_motion_driver.o(.text)
    dmp_set_shake_reject_timeout             0x080053f7   Thumb Code    38  inv_mpu_dmp_motion_driver.o(.text)
    dmp_get_pedometer_step_count             0x0800541d   Thumb Code    66  inv_mpu_dmp_motion_driver.o(.text)
    dmp_set_pedometer_step_count             0x0800545f   Thumb Code    42  inv_mpu_dmp_motion_driver.o(.text)
    dmp_get_pedometer_walk_time              0x08005489   Thumb Code    72  inv_mpu_dmp_motion_driver.o(.text)
    dmp_set_pedometer_walk_time              0x080054d1   Thumb Code    48  inv_mpu_dmp_motion_driver.o(.text)
    dmp_enable_6x_lp_quat                    0x08005501   Thumb Code    84  inv_mpu_dmp_motion_driver.o(.text)
    dmp_enable_lp_quat                       0x08005555   Thumb Code    60  inv_mpu_dmp_motion_driver.o(.text)
    dmp_enable_gyro_cal                      0x08005591   Thumb Code    62  inv_mpu_dmp_motion_driver.o(.text)
    dmp_enable_feature                       0x080055cf   Thumb Code   530  inv_mpu_dmp_motion_driver.o(.text)
    dmp_get_enabled_features                 0x080057e1   Thumb Code    12  inv_mpu_dmp_motion_driver.o(.text)
    dmp_set_interrupt_mode                   0x0800584b   Thumb Code    66  inv_mpu_dmp_motion_driver.o(.text)
    dmp_read_fifo                            0x0800588d   Thumb Code   698  inv_mpu_dmp_motion_driver.o(.text)
    dmp_register_tap_cb                      0x08005b47   Thumb Code    10  inv_mpu_dmp_motion_driver.o(.text)
    dmp_register_android_orient_cb           0x08005b51   Thumb Code    10  inv_mpu_dmp_motion_driver.o(.text)
    IIC_Init                                 0x08005b7d   Thumb Code    52  myiic.o(.text)
    IIC_Start                                0x08005bb1   Thumb Code    68  myiic.o(.text)
    IIC_Stop                                 0x08005bf5   Thumb Code    62  myiic.o(.text)
    IIC_Wait_Ack                             0x08005c33   Thumb Code    86  myiic.o(.text)
    IIC_Ack                                  0x08005c89   Thumb Code    66  myiic.o(.text)
    IIC_NAck                                 0x08005ccb   Thumb Code    66  myiic.o(.text)
    IIC_Send_Byte                            0x08005d0d   Thumb Code    90  myiic.o(.text)
    IIC_Read_Byte                            0x08005d67   Thumb Code    98  myiic.o(.text)
    MPU_Write_Len                            0x08005dc9   Thumb Code    96  myiic.o(.text)
    MPU_Read_Len                             0x08005e29   Thumb Code   116  myiic.o(.text)
    Adc_Init                                 0x08005ea9   Thumb Code   132  adc.o(.text)
    Get_Adc                                  0x08005f2d   Thumb Code    46  adc.o(.text)
    Get_Adc_Average                          0x08005f5b   Thumb Code    46  adc.o(.text)
    EXTIX_Init                               0x08005f91   Thumb Code   148  exti.o(.text)
    EXTI9_5_IRQHandler                       0x08006025   Thumb Code    32  exti.o(.text)
    EXTI15_10_IRQHandler                     0x08006045   Thumb Code    36  exti.o(.text)
    KEY_Init                                 0x08006075   Thumb Code    62  key.o(.text)
    KEY_Scan                                 0x080060b3   Thumb Code   114  key.o(.text)
    LED_Init                                 0x08006135   Thumb Code    46  led.o(.text)
    Motor_Init                               0x08006169   Thumb Code   288  pwm.o(.text)
    PWM_test                                 0x08006289   Thumb Code    50  pwm.o(.text)
    TIM2_Int_Init                            0x080062c9   Thumb Code    92  timer_3th.o(.text)
    TIM2_IRQHandler                          0x08006325   Thumb Code    80  timer_3th.o(.text)
    TIM4_Set                                 0x08006381   Thumb Code    44  usart2.o(.text)
    USART2_IRQHandler                        0x080063ad   Thumb Code    78  usart2.o(.text)
    TIM4_Init                                0x080063fb   Thumb Code    92  usart2.o(.text)
    UART_DMA_Config                          0x08006457   Thumb Code    80  usart2.o(.text)
    USART2_Init                              0x080064a7   Thumb Code   200  usart2.o(.text)
    UART_DMA_Enable                          0x0800656f   Thumb Code    20  usart2.o(.text)
    u2_printf                                0x08006583   Thumb Code    56  usart2.o(.text)
    TIM4_IRQHandler                          0x080065bb   Thumb Code    50  usart2.o(.text)
    HC05_Init                                0x08006611   Thumb Code   232  hc05.o(.text)
    HC05_Get_Role                            0x080066f9   Thumb Code   124  hc05.o(.text)
    HC05_Set_Cmd                             0x08006775   Thumb Code   128  hc05.o(.text)
    HC05_CFG_CMD                             0x080067f5   Thumb Code    94  hc05.o(.text)
    TIM5_Init                                0x08006895   Thumb Code    90  timer_5th.o(.text)
    TIM5_IRQHandler                          0x080068ef   Thumb Code    58  timer_5th.o(.text)
    ReturnPIDHead                            0x08006987   Thumb Code    60  commpc.o(.text)
    CommPCUpload                             0x080069d7   Thumb Code   376  commpc.o(.text)
    CommPCProcessCmd                         0x08006b4f   Thumb Code   402  commpc.o(.text)
    CommPC                                   0x08006ce1   Thumb Code   252  commpc.o(.text)
    testCommPC                               0x08006ddd   Thumb Code    26  commpc.o(.text)
    DebugUploadHandle                        0x08006e25   Thumb Code   156  commpc.o(.text)
    CommPCUploadHandle                       0x080070ad   Thumb Code   240  commpc.o(.text)
    test_SendPC                              0x0800719d   Thumb Code    40  commpc.o(.text)
    _sys_exit                                0x080071d1   Thumb Code     6  uart1.o(.text)
    _ttywrch                                 0x080071d7   Thumb Code     6  uart1.o(.text)
    fputc                                    0x080071dd   Thumb Code    24  uart1.o(.text)
    UART1NVIC_Configuration                  0x080071f5   Thumb Code    32  uart1.o(.text)
    UART1_init                               0x08007215   Thumb Code   238  uart1.o(.text)
    UartBuf_WD                               0x08007303   Thumb Code    18  uart1.o(.text)
    UART1_Put_Char                           0x08007315   Thumb Code    26  uart1.o(.text)
    Uart1_Put_Char                           0x0800732f   Thumb Code    28  uart1.o(.text)
    UartBuf_RD                               0x0800734b   Thumb Code    20  uart1.o(.text)
    UartBuf_Cnt                              0x0800735f   Thumb Code    14  uart1.o(.text)
    UartBufClear                             0x0800736d   Thumb Code     6  uart1.o(.text)
    UartSendBuffer                           0x08007373   Thumb Code    42  uart1.o(.text)
    USART1_IRQHandler                        0x0800739d   Thumb Code   104  uart1.o(.text)
    __use_no_semihosting                     0x08007429   Thumb Code     2  use_no_semi_2.o(.text)
    malloc                                   0x0800742b   Thumb Code    94  h1_alloc.o(.text)
    __aeabi_ldivmod                          0x08007489   Thumb Code     0  llsdiv.o(.text)
    _ll_sdiv                                 0x08007489   Thumb Code    72  llsdiv.o(.text)
    __c89vsprintf                            0x080074d1   Thumb Code    32  c89vsprintf.o(.text)
    __2printf                                0x080074f5   Thumb Code    20  __2printf.o(.text)
    _printf_pre_padding                      0x0800750d   Thumb Code    44  _printf_pad.o(.text)
    _printf_post_padding                     0x08007539   Thumb Code    34  _printf_pad.o(.text)
    _printf_str                              0x0800755b   Thumb Code    82  _printf_str.o(.text)
    _printf_int_dec                          0x080075ad   Thumb Code   100  _printf_dec.o(.text)
    _printf_longlong_hex                     0x08007621   Thumb Code    86  _printf_hex_int_ll_ptr.o(.text)
    _printf_int_hex                          0x08007677   Thumb Code    28  _printf_hex_int_ll_ptr.o(.text)
    _printf_ll_hex                           0x08007693   Thumb Code    12  _printf_hex_int_ll_ptr.o(.text)
    _printf_hex_ptr                          0x0800769f   Thumb Code    18  _printf_hex_int_ll_ptr.o(.text)
    __printf                                 0x080076b5   Thumb Code   388  __printf_flags_ss_wp.o(.text)
    memcmp                                   0x0800783d   Thumb Code    88  memcmp.o(.text)
    strlen                                   0x08007895   Thumb Code    62  strlen.o(.text)
    __aeabi_memset                           0x080078d3   Thumb Code    16  aeabi_memset.o(.text)
    __use_two_region_memory                  0x080078e3   Thumb Code     2  heapauxi.o(.text)
    __rt_heap_escrow                         0x080078e5   Thumb Code     2  heapauxi.o(.text)
    __rt_heap_expand                         0x080078e7   Thumb Code     2  heapauxi.o(.text)
    __I$use$semihosting                      0x080078e9   Thumb Code     0  use_no_semi.o(.text)
    __use_no_semihosting_swi                 0x080078e9   Thumb Code     2  use_no_semi.o(.text)
    __rt_heap_descriptor                     0x080078ed   Thumb Code     8  rt_heap_descriptor_intlibspace.o(.text)
    __use_no_heap                            0x080078f5   Thumb Code     2  hguard.o(.text)
    __heap$guard                             0x080078f7   Thumb Code     2  hguard.o(.text)
    _terminate_user_alloc                    0x080078f9   Thumb Code     2  init_alloc.o(.text)
    _init_user_alloc                         0x080078fb   Thumb Code     2  init_alloc.o(.text)
    __Heap_Full                              0x080078fd   Thumb Code    34  init_alloc.o(.text)
    __Heap_Broken                            0x0800791f   Thumb Code     6  init_alloc.o(.text)
    _init_alloc                              0x08007925   Thumb Code    94  init_alloc.o(.text)
    __Heap_Initialize                        0x08007983   Thumb Code    10  h1_init.o(.text)
    __Heap_DescSize                          0x0800798d   Thumb Code     4  h1_init.o(.text)
    free                                     0x08007991   Thumb Code    78  h1_free.o(.text)
    __aeabi_uldivmod                         0x080079df   Thumb Code     0  lludivv7m.o(.text)
    _ll_udiv                                 0x080079df   Thumb Code   238  lludivv7m.o(.text)
    __read_errno                             0x08007acd   Thumb Code    10  _rserrno.o(.text)
    __set_errno                              0x08007ad7   Thumb Code    12  _rserrno.o(.text)
    _printf_truncate_signed                  0x08007ae3   Thumb Code    18  _printf_truncate.o(.text)
    _printf_truncate_unsigned                0x08007af5   Thumb Code    18  _printf_truncate.o(.text)
    _printf_int_common                       0x08007b07   Thumb Code   178  _printf_intcommon.o(.text)
    _printf_charcount                        0x08007bb9   Thumb Code    40  _printf_charcount.o(.text)
    __lib_sel_fp_printf                      0x08007be1   Thumb Code     2  _printf_fp_dec.o(.text)
    _printf_fp_dec_real                      0x08007d8f   Thumb Code   616  _printf_fp_dec.o(.text)
    _printf_char_common                      0x08008003   Thumb Code    32  _printf_char_common.o(.text)
    _sputc                                   0x08008029   Thumb Code    10  _sputc.o(.text)
    _printf_cs_common                        0x08008033   Thumb Code    20  _printf_char.o(.text)
    _printf_char                             0x08008047   Thumb Code    16  _printf_char.o(.text)
    _printf_string                           0x08008057   Thumb Code     8  _printf_char.o(.text)
    _printf_char_file                        0x08008061   Thumb Code    32  _printf_char_file.o(.text)
    _printf_wctomb                           0x08008085   Thumb Code   182  _printf_wctomb.o(.text)
    _printf_longlong_dec                     0x08008141   Thumb Code   104  _printf_longlong_dec.o(.text)
    _printf_longlong_oct                     0x080081b9   Thumb Code    68  _printf_oct_int_ll.o(.text)
    _printf_int_oct                          0x080081fd   Thumb Code    24  _printf_oct_int_ll.o(.text)
    _printf_ll_oct                           0x08008215   Thumb Code    12  _printf_oct_int_ll.o(.text)
    __aeabi_memclr                           0x08008229   Thumb Code     0  rt_memclr.o(.text)
    __rt_memclr                              0x08008229   Thumb Code    68  rt_memclr.o(.text)
    _memset                                  0x0800822d   Thumb Code     0  rt_memclr.o(.text)
    __user_libspace                          0x0800826d   Thumb Code     8  libspace.o(.text)
    __user_perproc_libspace                  0x0800826d   Thumb Code     0  libspace.o(.text)
    __user_perthread_libspace                0x0800826d   Thumb Code     0  libspace.o(.text)
    __rt_locale                              0x08008275   Thumb Code     8  rt_locale_intlibspace.o(.text)
    __aeabi_errno_addr                       0x0800827d   Thumb Code     8  rt_errno_addr_intlibspace.o(.text)
    __errno$intlibspace                      0x0800827d   Thumb Code     0  rt_errno_addr_intlibspace.o(.text)
    __rt_errno_addr$intlibspace              0x0800827d   Thumb Code     0  rt_errno_addr_intlibspace.o(.text)
    __Heap_ProvideMemory                     0x08008285   Thumb Code    52  h1_extend.o(.text)
    _ll_udiv10                               0x080082b9   Thumb Code   138  lludiv10.o(.text)
    _printf_fp_infnan                        0x08008345   Thumb Code   112  _printf_fp_infnan.o(.text)
    _printf_lcs_common                       0x080083c5   Thumb Code    20  _printf_wchar.o(.text)
    _printf_wchar                            0x080083d9   Thumb Code    16  _printf_wchar.o(.text)
    _printf_wstring                          0x080083e9   Thumb Code     8  _printf_wchar.o(.text)
    _btod_etento                             0x080083f1   Thumb Code   212  bigflt0.o(.text)
    ferror                                   0x080084c9   Thumb Code     8  ferror.o(.text)
    _wcrtomb                                 0x080084d1   Thumb Code    64  _wcrtomb.o(.text)
    __rt_SIGRTMEM                            0x08008511   Thumb Code    14  defsig_rtmem_outer.o(.text)
    __aeabi_memclr4                          0x0800851f   Thumb Code     0  rt_memclr_w.o(.text)
    __aeabi_memclr8                          0x0800851f   Thumb Code     0  rt_memclr_w.o(.text)
    __rt_memclr_w                            0x0800851f   Thumb Code    78  rt_memclr_w.o(.text)
    _memset_w                                0x08008523   Thumb Code     0  rt_memclr_w.o(.text)
    __user_setup_stackheap                   0x0800856d   Thumb Code    74  sys_stackheap_outer.o(.text)
    __rt_ctype_table                         0x080085b9   Thumb Code    16  rt_ctype_table.o(.text)
    exit                                     0x080085c9   Thumb Code    12  exit.o(.text)
    __sig_exit                               0x080085d5   Thumb Code    10  defsig_exit.o(.text)
    __rt_SIGRTMEM_inner                      0x080085e1   Thumb Code    22  defsig_rtmem_inner.o(.text)
    strcmp                                   0x08008631   Thumb Code   128  strcmpv7m.o(.text)
    __default_signal_display                 0x080086b1   Thumb Code    50  defsig_general.o(.text)
    _btod_d2e                                0x080086e3   Thumb Code    62  btod.o(CL$$btod_d2e)
    _d2e_denorm_low                          0x08008721   Thumb Code    70  btod.o(CL$$btod_d2e_denorm_low)
    _d2e_norm_op1                            0x08008767   Thumb Code    96  btod.o(CL$$btod_d2e_norm_op1)
    __btod_div_common                        0x080087c7   Thumb Code   696  btod.o(CL$$btod_div_common)
    _e2e                                     0x08008aff   Thumb Code   198  btod.o(CL$$btod_e2e)
    _btod_ediv                               0x08008bc5   Thumb Code    40  btod.o(CL$$btod_ediv)
    _btod_emul                               0x08008bed   Thumb Code    40  btod.o(CL$$btod_emul)
    __btod_mult_common                       0x08008c15   Thumb Code   580  btod.o(CL$$btod_mult_common)
    __ARM_fpclassify                         0x08008e59   Thumb Code    40  fpclassify.o(i.__ARM_fpclassify)
    __kernel_poly                            0x08008e81   Thumb Code   170  poly.o(i.__kernel_poly)
    __mathlib_dbl_underflow                  0x08008f2d   Thumb Code    10  dunder.o(i.__mathlib_dbl_underflow)
    _is_digit                                0x08008f3d   Thumb Code    14  __printf_wp.o(i._is_digit)
    asin                                     0x08008f4d   Thumb Code   584  asin.o(i.asin)
    atan                                     0x080091c9   Thumb Code   478  atan.o(i.atan)
    atan2                                    0x080093ed   Thumb Code   346  atan2.o(i.atan2)
    sqrt                                     0x0800956d   Thumb Code    76  sqrt.o(i.sqrt)
    _get_lc_numeric                          0x080095b9   Thumb Code    44  lc_numeric_c.o(locale$$code)
    _get_lc_ctype                            0x080095e5   Thumb Code    44  lc_ctype_c.o(locale$$code)
    __aeabi_d2f                              0x08009611   Thumb Code     0  d2f.o(x$fpl$d2f)
    _d2f                                     0x08009611   Thumb Code    98  d2f.o(x$fpl$d2f)
    __aeabi_dadd                             0x08009675   Thumb Code     0  daddsub_clz.o(x$fpl$dadd)
    _dadd                                    0x08009675   Thumb Code   332  daddsub_clz.o(x$fpl$dadd)
    __fpl_dcheck_NaN1                        0x080097c5   Thumb Code    10  dcheck1.o(x$fpl$dcheck1)
    __aeabi_ddiv                             0x080097d5   Thumb Code     0  ddiv.o(x$fpl$ddiv)
    _ddiv                                    0x080097d5   Thumb Code   552  ddiv.o(x$fpl$ddiv)
    __aeabi_i2d                              0x08009a85   Thumb Code     0  dflt_clz.o(x$fpl$dflt)
    _dflt                                    0x08009a85   Thumb Code    46  dflt_clz.o(x$fpl$dflt)
    __aeabi_dmul                             0x08009ab5   Thumb Code     0  dmul.o(x$fpl$dmul)
    _dmul                                    0x08009ab5   Thumb Code   332  dmul.o(x$fpl$dmul)
    __fpl_dnaninf                            0x08009c09   Thumb Code   156  dnaninf.o(x$fpl$dnaninf)
    __fpl_dretinf                            0x08009ca5   Thumb Code    12  dretinf.o(x$fpl$dretinf)
    __aeabi_drsub                            0x08009cb1   Thumb Code     0  daddsub_clz.o(x$fpl$drsb)
    _drsb                                    0x08009cb1   Thumb Code    22  daddsub_clz.o(x$fpl$drsb)
    _dsqrt                                   0x08009cc9   Thumb Code   456  dsqrt_noumaal.o(x$fpl$dsqrt)
    __aeabi_dsub                             0x08009e95   Thumb Code     0  daddsub_clz.o(x$fpl$dsub)
    _dsub                                    0x08009e95   Thumb Code   464  daddsub_clz.o(x$fpl$dsub)
    __aeabi_f2d                              0x0800a069   Thumb Code     0  f2d.o(x$fpl$f2d)
    _f2d                                     0x0800a069   Thumb Code    86  f2d.o(x$fpl$f2d)
    __aeabi_fadd                             0x0800a0c1   Thumb Code     0  faddsub_clz.o(x$fpl$fadd)
    _fadd                                    0x0800a0c1   Thumb Code   196  faddsub_clz.o(x$fpl$fadd)
    __fpl_fcmp_Inf                           0x0800a185   Thumb Code    24  fcmpi.o(x$fpl$fcmpinf)
    __aeabi_fdiv                             0x0800a19d   Thumb Code     0  fdiv.o(x$fpl$fdiv)
    _fdiv                                    0x0800a19d   Thumb Code   384  fdiv.o(x$fpl$fdiv)
    __aeabi_cfcmpeq                          0x0800a321   Thumb Code     0  feqf.o(x$fpl$feqf)
    _fcmpeq                                  0x0800a321   Thumb Code   104  feqf.o(x$fpl$feqf)
    __aeabi_f2iz                             0x0800a389   Thumb Code     0  ffix.o(x$fpl$ffix)
    _ffix                                    0x0800a389   Thumb Code    54  ffix.o(x$fpl$ffix)
    __aeabi_f2uiz                            0x0800a3c1   Thumb Code     0  ffixu.o(x$fpl$ffixu)
    _ffixu                                   0x0800a3c1   Thumb Code    62  ffixu.o(x$fpl$ffixu)
    __aeabi_i2f                              0x0800a401   Thumb Code     0  fflt_clz.o(x$fpl$fflt)
    _fflt                                    0x0800a401   Thumb Code    48  fflt_clz.o(x$fpl$fflt)
    __aeabi_ui2f                             0x0800a431   Thumb Code     0  fflt_clz.o(x$fpl$ffltu)
    _ffltu                                   0x0800a431   Thumb Code    38  fflt_clz.o(x$fpl$ffltu)
    __aeabi_cfcmple                          0x0800a459   Thumb Code     0  fleqf.o(x$fpl$fleqf)
    _fcmple                                  0x0800a459   Thumb Code   104  fleqf.o(x$fpl$fleqf)
    __fpl_fcmple_InfNaN                      0x0800a4ab   Thumb Code     0  fleqf.o(x$fpl$fleqf)
    __aeabi_fmul                             0x0800a4c1   Thumb Code     0  fmul.o(x$fpl$fmul)
    _fmul                                    0x0800a4c1   Thumb Code   258  fmul.o(x$fpl$fmul)
    __fpl_fnaninf                            0x0800a5c3   Thumb Code   140  fnaninf.o(x$fpl$fnaninf)
    __fpl_fretinf                            0x0800a64f   Thumb Code    10  fretinf.o(x$fpl$fretinf)
    __aeabi_cfrcmple                         0x0800a659   Thumb Code     0  frleqf.o(x$fpl$frleqf)
    _frcmple                                 0x0800a659   Thumb Code    98  frleqf.o(x$fpl$frleqf)
    __aeabi_frsub                            0x0800a6bb   Thumb Code     0  faddsub_clz.o(x$fpl$frsb)
    _frsb                                    0x0800a6bb   Thumb Code    20  faddsub_clz.o(x$fpl$frsb)
    __aeabi_fsub                             0x0800a6d1   Thumb Code     0  faddsub_clz.o(x$fpl$fsub)
    _fsub                                    0x0800a6d1   Thumb Code   234  faddsub_clz.o(x$fpl$fsub)
    _printf_fp_dec                           0x0800a7bb   Thumb Code     4  printf1.o(x$fpl$printf1)
    __fpl_return_NaN                         0x0800a7bf   Thumb Code   100  retnan.o(x$fpl$retnan)
    __ARM_scalbn                             0x0800a823   Thumb Code    92  scalbn.o(x$fpl$scalbn)
    __fpl_cmpreturn                          0x0800a87f   Thumb Code    48  trapv.o(x$fpl$trapveneer)
    __I$use$fp                               0x0800a8ae   Number         0  usenofp.o(x$fpl$usenofp)
    reg                                      0x0800a8b0   Data          27  inv_mpu.o(.constdata)
    hw                                       0x0800a8cc   Data          12  inv_mpu.o(.constdata)
    test                                     0x0800a8d8   Data          40  inv_mpu.o(.constdata)
    __mathlib_zero                           0x0800b620   Data           8  qnan.o(.constdata)
    Region$$Table$$Base                      0x0800b70c   Number         0  anon$$obj.o(Region$$Table)
    Region$$Table$$Limit                     0x0800b72c   Number         0  anon$$obj.o(Region$$Table)
    __ctype                                  0x0800b755   Data           0  lc_ctype_c.o(locale$$data)
    SystemCoreClock                          0x20000000   Data           4  system_stm32f10x.o(.data)
    AHBPrescTable                            0x20000004   Data          16  system_stm32f10x.o(.data)
    roll_angle_pid                           0x20000014   Data           4  control.o(.data)
    pitch_angle_pid                          0x20000018   Data           4  control.o(.data)
    yaw_angle_pid                            0x2000001c   Data           4  control.o(.data)
    Roll                                     0x20000020   Data           4  control.o(.data)
    Pitch                                    0x20000024   Data           4  control.o(.data)
    Yaw                                      0x20000028   Data           4  control.o(.data)
    pitch                                    0x2000007c   Data           4  inv_mpu.o(.data)
    roll                                     0x20000080   Data           4  inv_mpu.o(.data)
    yaw                                      0x20000084   Data           4  inv_mpu.o(.data)
    gyrox                                    0x20000088   Data           4  inv_mpu_dmp_motion_driver.o(.data)
    gyroy                                    0x2000008c   Data           4  inv_mpu_dmp_motion_driver.o(.data)
    gyroz                                    0x20000090   Data           4  inv_mpu_dmp_motion_driver.o(.data)
    accelx                                   0x20000094   Data           4  inv_mpu_dmp_motion_driver.o(.data)
    accely                                   0x20000098   Data           4  inv_mpu_dmp_motion_driver.o(.data)
    accelz                                   0x2000009c   Data           4  inv_mpu_dmp_motion_driver.o(.data)
    loop50HzCnt                              0x200000a2   Data           2  timer_3th.o(.data)
    USART2_RX_STA                            0x200000a4   Data           2  usart2.o(.data)
    INT_FLAG_10ms                            0x200000a6   Data           1  timer_5th.o(.data)
    INT_FLAG_20ms                            0x200000a7   Data           1  timer_5th.o(.data)
    _gINT_CNT                                0x200000a8   Data           1  timer_5th.o(.data)
    pcCmdFlag                                0x200000ac   Data           1  commpc.o(.data)
    btSrc                                    0x200000ad   Data           1  commpc.o(.data)
    up                                       0x200000b0   Data          28  commpc.o(.data)
    up2                                      0x200000cc   Data          35  commpc.o(.data)
    testData                                 0x2000012f   Data           6  commpc.o(.data)
    loop50HzFlag                             0x2000013c   Data           1  commpc.o(.data)
    __stdout                                 0x20000140   Data           4  uart1.o(.data)
    Udatatmp                                 0x20000144   Data           1  uart1.o(.data)
    RC_DATA                                  0x20000148   Data          12  control.o(.bss)
    USART2_TX_BUF                            0x20000168   Data         200  usart2.o(.bss)
    USART2_RX_BUF                            0x20000230   Data         200  usart2.o(.bss)
    imu                                      0x200002f8   Data         192  commpc.o(.bss)
    UartTxbuf                                0x200003d8   Data          12  uart1.o(.bss)
    UartRxbuf                                0x200003e4   Data          12  uart1.o(.bss)
    rx_buffer                                0x200003f0   Data         128  uart1.o(.bss)
    tx_buffer                                0x20000470   Data         128  uart1.o(.bss)
    __libspace_start                         0x200004f0   Data          96  libspace.o(.bss)
    __temporary_stack_top$libspace           0x20000550   Data           0  libspace.o(.bss)



==============================================================================

Memory Map of the image

  Image Entry point : 0x08000131

  Load Region LR_IROM1 (Base: 0x08000000, Size: 0x0000b9a0, Max: 0x00040000, ABSOLUTE, COMPRESSED[0x0000b8b0])

    Execution Region ER_IROM1 (Base: 0x08000000, Size: 0x0000b858, Max: 0x00040000, ABSOLUTE)

    Base Addr    Size         Type   Attr      Idx    E Section Name        Object

    0x08000000   0x00000130   Data   RO          241    RESET               startup_stm32f10x_hd.o
    0x08000130   0x00000008   Code   RO         1002  * !!!main             c_w.l(__main.o)
    0x08000138   0x00000034   Code   RO         1455    !!!scatter          c_w.l(__scatter.o)
    0x0800016c   0x0000005a   Code   RO         1453    !!dczerorl2         c_w.l(__dczerorl2.o)
    0x080001c6   0x00000002   PAD
    0x080001c8   0x0000001c   Code   RO         1457    !!handler_zi        c_w.l(__scatter_zi.o)
    0x080001e4   0x00000000   Code   RO          993    .ARM.Collect$$_printf_percent$$00000000  c_w.l(_printf_percent.o)
    0x080001e4   0x00000006   Code   RO         1146    .ARM.Collect$$_printf_percent$$00000001  c_w.l(_printf_n.o)
    0x080001ea   0x00000006   Code   RO         1147    .ARM.Collect$$_printf_percent$$00000002  c_w.l(_printf_p.o)
    0x080001f0   0x00000006   Code   RO          992    .ARM.Collect$$_printf_percent$$00000003  c_w.l(_printf_f.o)
    0x080001f6   0x00000006   Code   RO         1151    .ARM.Collect$$_printf_percent$$00000004  c_w.l(_printf_e.o)
    0x080001fc   0x00000006   Code   RO         1152    .ARM.Collect$$_printf_percent$$00000005  c_w.l(_printf_g.o)
    0x08000202   0x00000006   Code   RO         1153    .ARM.Collect$$_printf_percent$$00000006  c_w.l(_printf_a.o)
    0x08000208   0x0000000a   Code   RO         1158    .ARM.Collect$$_printf_percent$$00000007  c_w.l(_printf_ll.o)
    0x08000212   0x00000006   Code   RO         1149    .ARM.Collect$$_printf_percent$$00000008  c_w.l(_printf_i.o)
    0x08000218   0x00000006   Code   RO          991    .ARM.Collect$$_printf_percent$$00000009  c_w.l(_printf_d.o)
    0x0800021e   0x00000006   Code   RO         1150    .ARM.Collect$$_printf_percent$$0000000A  c_w.l(_printf_u.o)
    0x08000224   0x00000006   Code   RO         1148    .ARM.Collect$$_printf_percent$$0000000B  c_w.l(_printf_o.o)
    0x0800022a   0x00000006   Code   RO          990    .ARM.Collect$$_printf_percent$$0000000C  c_w.l(_printf_x.o)
    0x08000230   0x00000006   Code   RO         1155    .ARM.Collect$$_printf_percent$$0000000D  c_w.l(_printf_lli.o)
    0x08000236   0x00000006   Code   RO         1156    .ARM.Collect$$_printf_percent$$0000000E  c_w.l(_printf_lld.o)
    0x0800023c   0x00000006   Code   RO         1157    .ARM.Collect$$_printf_percent$$0000000F  c_w.l(_printf_llu.o)
    0x08000242   0x00000006   Code   RO         1162    .ARM.Collect$$_printf_percent$$00000010  c_w.l(_printf_llo.o)
    0x08000248   0x00000006   Code   RO         1163    .ARM.Collect$$_printf_percent$$00000011  c_w.l(_printf_llx.o)
    0x0800024e   0x0000000a   Code   RO         1159    .ARM.Collect$$_printf_percent$$00000012  c_w.l(_printf_l.o)
    0x08000258   0x00000006   Code   RO         1145    .ARM.Collect$$_printf_percent$$00000013  c_w.l(_printf_c.o)
    0x0800025e   0x00000006   Code   RO          989    .ARM.Collect$$_printf_percent$$00000014  c_w.l(_printf_s.o)
    0x08000264   0x00000006   Code   RO         1160    .ARM.Collect$$_printf_percent$$00000015  c_w.l(_printf_lc.o)
    0x0800026a   0x00000006   Code   RO         1161    .ARM.Collect$$_printf_percent$$00000016  c_w.l(_printf_ls.o)
    0x08000270   0x00000004   Code   RO         1154    .ARM.Collect$$_printf_percent$$00000017  c_w.l(_printf_percent_end.o)
    0x08000274   0x00000002   Code   RO         1384    .ARM.Collect$$libinit$$00000000  c_w.l(libinit.o)
    0x08000276   0x00000000   Code   RO         1171    .ARM.Collect$$libinit$$00000002  c_w.l(libinit2.o)
    0x08000276   0x00000008   Code   RO         1172    .ARM.Collect$$libinit$$00000003  c_w.l(libinit2.o)
    0x0800027e   0x00000000   Code   RO         1174    .ARM.Collect$$libinit$$00000008  c_w.l(libinit2.o)
    0x0800027e   0x00000000   Code   RO         1176    .ARM.Collect$$libinit$$0000000A  c_w.l(libinit2.o)
    0x0800027e   0x00000000   Code   RO         1178    .ARM.Collect$$libinit$$0000000C  c_w.l(libinit2.o)
    0x0800027e   0x00000006   Code   RO         1179    .ARM.Collect$$libinit$$0000000D  c_w.l(libinit2.o)
    0x08000284   0x00000000   Code   RO         1181    .ARM.Collect$$libinit$$0000000F  c_w.l(libinit2.o)
    0x08000284   0x0000000c   Code   RO         1182    .ARM.Collect$$libinit$$00000010  c_w.l(libinit2.o)
    0x08000290   0x00000000   Code   RO         1183    .ARM.Collect$$libinit$$00000011  c_w.l(libinit2.o)
    0x08000290   0x00000000   Code   RO         1185    .ARM.Collect$$libinit$$00000013  c_w.l(libinit2.o)
    0x08000290   0x0000000a   Code   RO         1186    .ARM.Collect$$libinit$$00000014  c_w.l(libinit2.o)
    0x0800029a   0x00000000   Code   RO         1187    .ARM.Collect$$libinit$$00000015  c_w.l(libinit2.o)
    0x0800029a   0x00000000   Code   RO         1189    .ARM.Collect$$libinit$$00000017  c_w.l(libinit2.o)
    0x0800029a   0x00000000   Code   RO         1191    .ARM.Collect$$libinit$$00000019  c_w.l(libinit2.o)
    0x0800029a   0x00000000   Code   RO         1193    .ARM.Collect$$libinit$$0000001B  c_w.l(libinit2.o)
    0x0800029a   0x00000000   Code   RO         1195    .ARM.Collect$$libinit$$0000001D  c_w.l(libinit2.o)
    0x0800029a   0x00000000   Code   RO         1197    .ARM.Collect$$libinit$$0000001F  c_w.l(libinit2.o)
    0x0800029a   0x00000000   Code   RO         1199    .ARM.Collect$$libinit$$00000021  c_w.l(libinit2.o)
    0x0800029a   0x00000000   Code   RO         1201    .ARM.Collect$$libinit$$00000023  c_w.l(libinit2.o)
    0x0800029a   0x00000000   Code   RO         1205    .ARM.Collect$$libinit$$0000002A  c_w.l(libinit2.o)
    0x0800029a   0x00000000   Code   RO         1207    .ARM.Collect$$libinit$$0000002C  c_w.l(libinit2.o)
    0x0800029a   0x00000000   Code   RO         1209    .ARM.Collect$$libinit$$0000002E  c_w.l(libinit2.o)
    0x0800029a   0x00000000   Code   RO         1211    .ARM.Collect$$libinit$$00000030  c_w.l(libinit2.o)
    0x0800029a   0x00000002   Code   RO         1212    .ARM.Collect$$libinit$$00000031  c_w.l(libinit2.o)
    0x0800029c   0x00000002   Code   RO         1450    .ARM.Collect$$libshutdown$$00000000  c_w.l(libshutdown.o)
    0x0800029e   0x00000000   Code   RO         1408    .ARM.Collect$$libshutdown$$00000003  c_w.l(libshutdown2.o)
    0x0800029e   0x00000000   Code   RO         1411    .ARM.Collect$$libshutdown$$00000006  c_w.l(libshutdown2.o)
    0x0800029e   0x00000000   Code   RO         1414    .ARM.Collect$$libshutdown$$00000009  c_w.l(libshutdown2.o)
    0x0800029e   0x00000000   Code   RO         1416    .ARM.Collect$$libshutdown$$0000000B  c_w.l(libshutdown2.o)
    0x0800029e   0x00000000   Code   RO         1419    .ARM.Collect$$libshutdown$$0000000E  c_w.l(libshutdown2.o)
    0x0800029e   0x00000002   Code   RO         1420    .ARM.Collect$$libshutdown$$0000000F  c_w.l(libshutdown2.o)
    0x080002a0   0x00000000   Code   RO         1082    .ARM.Collect$$rtentry$$00000000  c_w.l(rtentry.o)
    0x080002a0   0x00000000   Code   RO         1257    .ARM.Collect$$rtentry$$00000002  c_w.l(rtentry2.o)
    0x080002a0   0x00000006   Code   RO         1269    .ARM.Collect$$rtentry$$00000004  c_w.l(rtentry4.o)
    0x080002a6   0x00000000   Code   RO         1259    .ARM.Collect$$rtentry$$00000009  c_w.l(rtentry2.o)
    0x080002a6   0x00000004   Code   RO         1260    .ARM.Collect$$rtentry$$0000000A  c_w.l(rtentry2.o)
    0x080002aa   0x00000000   Code   RO         1262    .ARM.Collect$$rtentry$$0000000C  c_w.l(rtentry2.o)
    0x080002aa   0x00000008   Code   RO         1263    .ARM.Collect$$rtentry$$0000000D  c_w.l(rtentry2.o)
    0x080002b2   0x00000002   Code   RO         1389    .ARM.Collect$$rtexit$$00000000  c_w.l(rtexit.o)
    0x080002b4   0x00000000   Code   RO         1424    .ARM.Collect$$rtexit$$00000002  c_w.l(rtexit2.o)
    0x080002b4   0x00000004   Code   RO         1425    .ARM.Collect$$rtexit$$00000003  c_w.l(rtexit2.o)
    0x080002b8   0x00000006   Code   RO         1426    .ARM.Collect$$rtexit$$00000004  c_w.l(rtexit2.o)
    0x080002be   0x00000002   PAD
    0x080002c0   0x00000000   Code   RO         1287    .emb_text           c_w.l(maybetermalloc1.o)
    0x080002c0   0x00000052   Code   RO            1    .text               main.o
    0x08000312   0x0000001a   Code   RO          131    .text               stm32f10x_it.o
    0x0800032c   0x000001e0   Code   RO          190    .text               system_stm32f10x.o
    0x0800050c   0x00000350   Code   RO          208    .text               control.o
    0x0800085c   0x00000040   Code   RO          242    .text               startup_stm32f10x_hd.o
    0x0800089c   0x000000dc   Code   RO          246    .text               misc.o
    0x08000978   0x0000044e   Code   RO          281    .text               stm32f10x_adc.o
    0x08000dc6   0x00000002   PAD
    0x08000dc8   0x0000011c   Code   RO          395    .text               stm32f10x_exti.o
    0x08000ee4   0x0000035c   Code   RO          437    .text               stm32f10x_gpio.o
    0x08001240   0x000003a4   Code   RO          491    .text               stm32f10x_rcc.o
    0x080015e4   0x00000e1a   Code   RO          547    .text               stm32f10x_tim.o
    0x080023fe   0x00000002   PAD
    0x08002400   0x00000408   Code   RO          559    .text               stm32f10x_usart.o
    0x08002808   0x000000d4   Code   RO          586    .text               delay.o
    0x080028dc   0x00000188   Code   RO          600    .text               sys.o
    0x08002a64   0x000022d4   Code   RO          612    .text               inv_mpu.o
    0x08004d38   0x00000e44   Code   RO          646    .text               inv_mpu_dmp_motion_driver.o
    0x08005b7c   0x0000032c   Code   RO          676    .text               myiic.o
    0x08005ea8   0x000000e8   Code   RO          688    .text               adc.o
    0x08005f90   0x000000e4   Code   RO          700    .text               exti.o
    0x08006074   0x000000c0   Code   RO          712    .text               key.o
    0x08006134   0x00000034   Code   RO          725    .text               led.o
    0x08006168   0x00000160   Code   RO          737    .text               pwm.o
    0x080062c8   0x000000b8   Code   RO          749    .text               timer_3th.o
    0x08006380   0x00000290   Code   RO          765    .text               usart2.o
    0x08006610   0x00000284   Code   RO          791    .text               hc05.o
    0x08006894   0x000000a4   Code   RO          803    .text               timer_5th.o
    0x08006938   0x00000898   Code   RO          821    .text               commpc.o
    0x080071d0   0x00000258   Code   RO          848    .text               uart1.o
    0x08007428   0x00000002   Code   RO          874    .text               c_w.l(use_no_semi_2.o)
    0x0800742a   0x0000005e   Code   RO          878    .text               c_w.l(h1_alloc.o)
    0x08007488   0x00000048   Code   RO          932    .text               c_w.l(llsdiv.o)
    0x080074d0   0x00000024   Code   RO          934    .text               c_w.l(c89vsprintf.o)
    0x080074f4   0x00000018   Code   RO          936    .text               c_w.l(__2printf.o)
    0x0800750c   0x0000004e   Code   RO          942    .text               c_w.l(_printf_pad.o)
    0x0800755a   0x00000052   Code   RO          944    .text               c_w.l(_printf_str.o)
    0x080075ac   0x00000074   Code   RO          946    .text               c_w.l(_printf_dec.o)
    0x08007620   0x00000094   Code   RO          966    .text               c_w.l(_printf_hex_int_ll_ptr.o)
    0x080076b4   0x00000188   Code   RO          986    .text               c_w.l(__printf_flags_ss_wp.o)
    0x0800783c   0x00000058   Code   RO          994    .text               c_w.l(memcmp.o)
    0x08007894   0x0000003e   Code   RO          996    .text               c_w.l(strlen.o)
    0x080078d2   0x00000010   Code   RO          998    .text               c_w.l(aeabi_memset.o)
    0x080078e2   0x00000006   Code   RO         1000    .text               c_w.l(heapauxi.o)
    0x080078e8   0x00000002   Code   RO         1078    .text               c_w.l(use_no_semi.o)
    0x080078ea   0x00000002   PAD
    0x080078ec   0x00000008   Code   RO         1086    .text               c_w.l(rt_heap_descriptor_intlibspace.o)
    0x080078f4   0x00000004   Code   RO         1088    .text               c_w.l(hguard.o)
    0x080078f8   0x0000008a   Code   RO         1090    .text               c_w.l(init_alloc.o)
    0x08007982   0x0000000e   Code   RO         1096    .text               c_w.l(h1_init.o)
    0x08007990   0x0000004e   Code   RO         1098    .text               c_w.l(h1_free.o)
    0x080079de   0x000000ee   Code   RO         1114    .text               c_w.l(lludivv7m.o)
    0x08007acc   0x00000016   Code   RO         1116    .text               c_w.l(_rserrno.o)
    0x08007ae2   0x00000024   Code   RO         1118    .text               c_w.l(_printf_truncate.o)
    0x08007b06   0x000000b2   Code   RO         1120    .text               c_w.l(_printf_intcommon.o)
    0x08007bb8   0x00000028   Code   RO         1122    .text               c_w.l(_printf_charcount.o)
    0x08007be0   0x00000416   Code   RO         1124    .text               c_w.l(_printf_fp_dec.o)
    0x08007ff6   0x00000002   PAD
    0x08007ff8   0x00000030   Code   RO         1126    .text               c_w.l(_printf_char_common.o)
    0x08008028   0x0000000a   Code   RO         1128    .text               c_w.l(_sputc.o)
    0x08008032   0x0000002c   Code   RO         1130    .text               c_w.l(_printf_char.o)
    0x0800805e   0x00000002   PAD
    0x08008060   0x00000024   Code   RO         1132    .text               c_w.l(_printf_char_file.o)
    0x08008084   0x000000bc   Code   RO         1134    .text               c_w.l(_printf_wctomb.o)
    0x08008140   0x00000078   Code   RO         1137    .text               c_w.l(_printf_longlong_dec.o)
    0x080081b8   0x00000070   Code   RO         1143    .text               c_w.l(_printf_oct_int_ll.o)
    0x08008228   0x00000044   Code   RO         1166    .text               c_w.l(rt_memclr.o)
    0x0800826c   0x00000008   Code   RO         1253    .text               c_w.l(libspace.o)
    0x08008274   0x00000008   Code   RO         1278    .text               c_w.l(rt_locale_intlibspace.o)
    0x0800827c   0x00000008   Code   RO         1283    .text               c_w.l(rt_errno_addr_intlibspace.o)
    0x08008284   0x00000034   Code   RO         1289    .text               c_w.l(h1_extend.o)
    0x080082b8   0x0000008a   Code   RO         1293    .text               c_w.l(lludiv10.o)
    0x08008342   0x00000002   PAD
    0x08008344   0x00000080   Code   RO         1295    .text               c_w.l(_printf_fp_infnan.o)
    0x080083c4   0x0000002c   Code   RO         1299    .text               c_w.l(_printf_wchar.o)
    0x080083f0   0x000000d8   Code   RO         1301    .text               c_w.l(bigflt0.o)
    0x080084c8   0x00000008   Code   RO         1326    .text               c_w.l(ferror.o)
    0x080084d0   0x00000040   Code   RO         1330    .text               c_w.l(_wcrtomb.o)
    0x08008510   0x0000000e   Code   RO         1335    .text               c_w.l(defsig_rtmem_outer.o)
    0x0800851e   0x0000004e   Code   RO         1339    .text               c_w.l(rt_memclr_w.o)
    0x0800856c   0x0000004a   Code   RO         1357    .text               c_w.l(sys_stackheap_outer.o)
    0x080085b6   0x00000002   PAD
    0x080085b8   0x00000010   Code   RO         1359    .text               c_w.l(rt_ctype_table.o)
    0x080085c8   0x0000000c   Code   RO         1367    .text               c_w.l(exit.o)
    0x080085d4   0x0000000a   Code   RO         1369    .text               c_w.l(defsig_exit.o)
    0x080085de   0x00000002   PAD
    0x080085e0   0x00000050   Code   RO         1371    .text               c_w.l(defsig_rtmem_inner.o)
    0x08008630   0x00000080   Code   RO         1373    .text               c_w.l(strcmpv7m.o)
    0x080086b0   0x00000032   Code   RO         1400    .text               c_w.l(defsig_general.o)
    0x080086e2   0x0000003e   Code   RO         1304    CL$$btod_d2e        c_w.l(btod.o)
    0x08008720   0x00000046   Code   RO         1306    CL$$btod_d2e_denorm_low  c_w.l(btod.o)
    0x08008766   0x00000060   Code   RO         1305    CL$$btod_d2e_norm_op1  c_w.l(btod.o)
    0x080087c6   0x00000338   Code   RO         1314    CL$$btod_div_common  c_w.l(btod.o)
    0x08008afe   0x000000c6   Code   RO         1311    CL$$btod_e2e        c_w.l(btod.o)
    0x08008bc4   0x00000028   Code   RO         1308    CL$$btod_ediv       c_w.l(btod.o)
    0x08008bec   0x00000028   Code   RO         1307    CL$$btod_emul       c_w.l(btod.o)
    0x08008c14   0x00000244   Code   RO         1313    CL$$btod_mult_common  c_w.l(btod.o)
    0x08008e58   0x00000028   Code   RO         1238    i.__ARM_fpclassify  m_ws.l(fpclassify.o)
    0x08008e80   0x000000aa   Code   RO         1240    i.__kernel_poly     m_ws.l(poly.o)
    0x08008f2a   0x00000002   PAD
    0x08008f2c   0x00000010   Code   RO         1236    i.__mathlib_dbl_underflow  m_ws.l(dunder.o)
    0x08008f3c   0x0000000e   Code   RO          979    i._is_digit         c_w.l(__printf_wp.o)
    0x08008f4a   0x00000002   PAD
    0x08008f4c   0x0000027c   Code   RO         1061    i.asin              m_ws.l(asin.o)
    0x080091c8   0x00000224   Code   RO         1227    i.atan              m_ws.l(atan.o)
    0x080093ec   0x00000180   Code   RO         1071    i.atan2             m_ws.l(atan2.o)
    0x0800956c   0x0000004c   Code   RO         1244    i.sqrt              m_ws.l(sqrt.o)
    0x080095b8   0x0000002c   Code   RO         1333    locale$$code        c_w.l(lc_numeric_c.o)
    0x080095e4   0x0000002c   Code   RO         1396    locale$$code        c_w.l(lc_ctype_c.o)
    0x08009610   0x00000062   Code   RO         1004    x$fpl$d2f           fz_ws.l(d2f.o)
    0x08009672   0x00000002   PAD
    0x08009674   0x00000150   Code   RO         1006    x$fpl$dadd          fz_ws.l(daddsub_clz.o)
    0x080097c4   0x00000010   Code   RO         1346    x$fpl$dcheck1       fz_ws.l(dcheck1.o)
    0x080097d4   0x000002b0   Code   RO         1013    x$fpl$ddiv          fz_ws.l(ddiv.o)
    0x08009a84   0x0000002e   Code   RO         1017    x$fpl$dflt          fz_ws.l(dflt_clz.o)
    0x08009ab2   0x00000002   PAD
    0x08009ab4   0x00000154   Code   RO         1022    x$fpl$dmul          fz_ws.l(dmul.o)
    0x08009c08   0x0000009c   Code   RO         1213    x$fpl$dnaninf       fz_ws.l(dnaninf.o)
    0x08009ca4   0x0000000c   Code   RO         1215    x$fpl$dretinf       fz_ws.l(dretinf.o)
    0x08009cb0   0x00000016   Code   RO         1007    x$fpl$drsb          fz_ws.l(daddsub_clz.o)
    0x08009cc6   0x00000002   PAD
    0x08009cc8   0x000001cc   Code   RO         1350    x$fpl$dsqrt         fz_ws.l(dsqrt_noumaal.o)
    0x08009e94   0x000001d4   Code   RO         1008    x$fpl$dsub          fz_ws.l(daddsub_clz.o)
    0x0800a068   0x00000056   Code   RO         1024    x$fpl$f2d           fz_ws.l(f2d.o)
    0x0800a0be   0x00000002   PAD
    0x0800a0c0   0x000000c4   Code   RO         1026    x$fpl$fadd          fz_ws.l(faddsub_clz.o)
    0x0800a184   0x00000018   Code   RO         1217    x$fpl$fcmpinf       fz_ws.l(fcmpi.o)
    0x0800a19c   0x00000184   Code   RO         1033    x$fpl$fdiv          fz_ws.l(fdiv.o)
    0x0800a320   0x00000068   Code   RO         1036    x$fpl$feqf          fz_ws.l(feqf.o)
    0x0800a388   0x00000036   Code   RO         1038    x$fpl$ffix          fz_ws.l(ffix.o)
    0x0800a3be   0x00000002   PAD
    0x0800a3c0   0x0000003e   Code   RO         1042    x$fpl$ffixu         fz_ws.l(ffixu.o)
    0x0800a3fe   0x00000002   PAD
    0x0800a400   0x00000030   Code   RO         1047    x$fpl$fflt          fz_ws.l(fflt_clz.o)
    0x0800a430   0x00000026   Code   RO         1046    x$fpl$ffltu         fz_ws.l(fflt_clz.o)
    0x0800a456   0x00000002   PAD
    0x0800a458   0x00000068   Code   RO         1052    x$fpl$fleqf         fz_ws.l(fleqf.o)
    0x0800a4c0   0x00000102   Code   RO         1054    x$fpl$fmul          fz_ws.l(fmul.o)
    0x0800a5c2   0x0000008c   Code   RO         1219    x$fpl$fnaninf       fz_ws.l(fnaninf.o)
    0x0800a64e   0x0000000a   Code   RO         1221    x$fpl$fretinf       fz_ws.l(fretinf.o)
    0x0800a658   0x00000062   Code   RO         1056    x$fpl$frleqf        fz_ws.l(frleqf.o)
    0x0800a6ba   0x00000014   Code   RO         1027    x$fpl$frsb          fz_ws.l(faddsub_clz.o)
    0x0800a6ce   0x00000002   PAD
    0x0800a6d0   0x000000ea   Code   RO         1028    x$fpl$fsub          fz_ws.l(faddsub_clz.o)
    0x0800a7ba   0x00000004   Code   RO         1058    x$fpl$printf1       fz_ws.l(printf1.o)
    0x0800a7be   0x00000064   Code   RO         1387    x$fpl$retnan        fz_ws.l(retnan.o)
    0x0800a822   0x0000005c   Code   RO         1223    x$fpl$scalbn        fz_ws.l(scalbn.o)
    0x0800a87e   0x00000030   Code   RO         1421    x$fpl$trapveneer    fz_ws.l(trapv.o)
    0x0800a8ae   0x00000000   Code   RO         1225    x$fpl$usenofp       fz_ws.l(usenofp.o)
    0x0800a8ae   0x00000002   PAD
    0x0800a8b0   0x00000050   Data   RO          613    .constdata          inv_mpu.o
    0x0800a900   0x00000bf6   Data   RO          648    .constdata          inv_mpu_dmp_motion_driver.o
    0x0800b4f6   0x00000028   Data   RO          967    .constdata          c_w.l(_printf_hex_int_ll_ptr.o)
    0x0800b51e   0x00000011   Data   RO          987    .constdata          c_w.l(__printf_flags_ss_wp.o)
    0x0800b52f   0x00000001   PAD
    0x0800b530   0x00000050   Data   RO         1062    .constdata          m_ws.l(asin.o)
    0x0800b580   0x00000008   Data   RO         1135    .constdata          c_w.l(_printf_wctomb.o)
    0x0800b588   0x00000098   Data   RO         1228    .constdata          m_ws.l(atan.o)
    0x0800b620   0x00000008   Data   RO         1242    .constdata          m_ws.l(qnan.o)
    0x0800b628   0x00000094   Data   RO         1302    .constdata          c_w.l(bigflt0.o)
    0x0800b6bc   0x0000004d   Data   RO          614    .conststring        inv_mpu.o
    0x0800b709   0x00000003   PAD
    0x0800b70c   0x00000020   Data   RO         1451    Region$$Table       anon$$obj.o
    0x0800b72c   0x0000001c   Data   RO         1332    locale$$data        c_w.l(lc_numeric_c.o)
    0x0800b748   0x00000110   Data   RO         1395    locale$$data        c_w.l(lc_ctype_c.o)


    Execution Region RW_IRAM1 (Base: 0x20000000, Size: 0x00000b50, Max: 0x0000c000, ABSOLUTE, COMPRESSED[0x00000058])

    Base Addr    Size         Type   Attr      Idx    E Section Name        Object

    0x20000000   0x00000014   Data   RW          191    .data               system_stm32f10x.o
    0x20000014   0x00000018   Data   RW          210    .data               control.o
    0x2000002c   0x00000014   Data   RW          492    .data               stm32f10x_rcc.o
    0x20000040   0x00000004   Data   RW          587    .data               delay.o
    0x20000044   0x00000044   Data   RW          615    .data               inv_mpu.o
    0x20000088   0x00000018   Data   RW          649    .data               inv_mpu_dmp_motion_driver.o
    0x200000a0   0x00000001   Data   RW          713    .data               key.o
    0x200000a1   0x00000001   PAD
    0x200000a2   0x00000002   Data   RW          750    .data               timer_3th.o
    0x200000a4   0x00000002   Data   RW          767    .data               usart2.o
    0x200000a6   0x00000003   Data   RW          804    .data               timer_5th.o
    0x200000a9   0x00000003   PAD
    0x200000ac   0x00000092   Data   RW          823    .data               commpc.o
    0x2000013e   0x00000002   PAD
    0x20000140   0x00000005   Data   RW          850    .data               uart1.o
    0x20000145   0x00000003   PAD
    0x20000148   0x0000000c   Zero   RW          209    .bss                control.o
    0x20000154   0x00000010   Zero   RW          647    .bss                inv_mpu_dmp_motion_driver.o
    0x20000164   0x00000004   PAD
    0x20000168   0x00000190   Zero   RW          766    .bss                usart2.o
    0x200002f8   0x000000e0   Zero   RW          822    .bss                commpc.o
    0x200003d8   0x00000118   Zero   RW          849    .bss                uart1.o
    0x200004f0   0x00000060   Zero   RW         1254    .bss                c_w.l(libspace.o)
    0x20000550   0x00000200   Zero   RW          240    HEAP                startup_stm32f10x_hd.o
    0x20000750   0x00000400   Zero   RW          239    STACK               startup_stm32f10x_hd.o


==============================================================================

Image component sizes


      Code (inc. data)   RO Data    RW Data    ZI Data      Debug   Object Name

       232          8          0          0          0       1075   adc.o
      2200        138          0        146        224       6041   commpc.o
       848        200          0         24         12       2852   control.o
         0          0          0          0          0         32   core_cm3.o
       212         18          0          4          0       1023   delay.o
       228         12          0          0          0        901   exti.o
       644         66          0          0          0       2100   hc05.o
      8916        250        157         68          0      23394   inv_mpu.o
      3652        154       3062         24         16      15324   inv_mpu_dmp_motion_driver.o
       192         16          0          1          0        792   key.o
        52          6          0          0          0        487   led.o
        82          0          0          0          0     249511   main.o
       220         22          0          0          0     217669   misc.o
       812         12          0          0          0       3031   myiic.o
       352         14          0          0          0       1106   pwm.o
        64         26        304          0       1536        780   startup_stm32f10x_hd.o
      1102         26          0          0          0      10789   stm32f10x_adc.o
       284         10          0          0          0       2187   stm32f10x_exti.o
       860         38          0          0          0       5601   stm32f10x_gpio.o
        26          0          0          0          0      44574   stm32f10x_it.o
       932         36          0         20          0       8752   stm32f10x_rcc.o
      3610         88          0          0          0      22084   stm32f10x_tim.o
      1032         22          0          0          0       8324   stm32f10x_usart.o
       392         30          0          0          0       1427   sys.o
       480         38          0         20          0       1671   system_stm32f10x.o
       184         12          0          2          0       1445   timer_3th.o
       164         16          0          3          0       1132   timer_5th.o
       600         36          0          5        280       5545   uart1.o
       656         36          0          2        400       3497   usart2.o

    ----------------------------------------------------------------------
     29032       1330       3558        328       2472     643146   Object Totals
         0          0         32          0          0          0   (incl. Generated)
         4          0          3          9          4          0   (incl. Padding)

    ----------------------------------------------------------------------

      Code (inc. data)   RO Data    RW Data    ZI Data      Debug   Library Member Name

        24          4          0          0          0         84   __2printf.o
        90          0          0          0          0          0   __dczerorl2.o
         8          0          0          0          0         68   __main.o
       392          4         17          0          0         92   __printf_flags_ss_wp.o
        14          0          0          0          0         68   __printf_wp.o
        52          8          0          0          0          0   __scatter.o
        28          0          0          0          0          0   __scatter_zi.o
         6          0          0          0          0          0   _printf_a.o
         6          0          0          0          0          0   _printf_c.o
        44          0          0          0          0        108   _printf_char.o
        48          6          0          0          0         96   _printf_char_common.o
        36          4          0          0          0         80   _printf_char_file.o
        40          0          0          0          0         68   _printf_charcount.o
         6          0          0          0          0          0   _printf_d.o
       116         16          0          0          0         92   _printf_dec.o
         6          0          0          0          0          0   _printf_e.o
         6          0          0          0          0          0   _printf_f.o
      1046          0          0          0          0        216   _printf_fp_dec.o
       128         16          0          0          0         84   _printf_fp_infnan.o
         6          0          0          0          0          0   _printf_g.o
       148          4         40          0          0        160   _printf_hex_int_ll_ptr.o
         6          0          0          0          0          0   _printf_i.o
       178          0          0          0          0         88   _printf_intcommon.o
        10          0          0          0          0          0   _printf_l.o
         6          0          0          0          0          0   _printf_lc.o
        10          0          0          0          0          0   _printf_ll.o
         6          0          0          0          0          0   _printf_lld.o
         6          0          0          0          0          0   _printf_lli.o
         6          0          0          0          0          0   _printf_llo.o
         6          0          0          0          0          0   _printf_llu.o
         6          0          0          0          0          0   _printf_llx.o
       120         16          0          0          0         92   _printf_longlong_dec.o
         6          0          0          0          0          0   _printf_ls.o
         6          0          0          0          0          0   _printf_n.o
         6          0          0          0          0          0   _printf_o.o
       112          8          0          0          0        124   _printf_oct_int_ll.o
         6          0          0          0          0          0   _printf_p.o
        78          0          0          0          0        108   _printf_pad.o
         0          0          0          0          0          0   _printf_percent.o
         4          0          0          0          0          0   _printf_percent_end.o
         6          0          0          0          0          0   _printf_s.o
        82          0          0          0          0         80   _printf_str.o
        36          0          0          0          0         84   _printf_truncate.o
         6          0          0          0          0          0   _printf_u.o
        44          0          0          0          0        108   _printf_wchar.o
       188          6          8          0          0         92   _printf_wctomb.o
         6          0          0          0          0          0   _printf_x.o
        22          0          0          0          0        100   _rserrno.o
        10          0          0          0          0         68   _sputc.o
        64          0          0          0          0         92   _wcrtomb.o
        16          0          0          0          0         68   aeabi_memset.o
       216          4        148          0          0         96   bigflt0.o
      1910        128          0          0          0        672   btod.o
        36          4          0          0          0         76   c89vsprintf.o
        10          0          0          0          0         68   defsig_exit.o
        50          0          0          0          0         88   defsig_general.o
        80         58          0          0          0         76   defsig_rtmem_inner.o
        14          0          0          0          0         80   defsig_rtmem_outer.o
        12          0          0          0          0         72   exit.o
         8          0          0          0          0         68   ferror.o
        94          0          0          0          0         80   h1_alloc.o
        52          0          0          0          0         68   h1_extend.o
        78          0          0          0          0         80   h1_free.o
        14          0          0          0          0         84   h1_init.o
         6          0          0          0          0        152   heapauxi.o
         4          0          0          0          0        136   hguard.o
       138          0          0          0          0        168   init_alloc.o
        44         10        272          0          0         76   lc_ctype_c.o
        44         10         28          0          0         76   lc_numeric_c.o
         2          0          0          0          0          0   libinit.o
        38          0          0          0          0          0   libinit2.o
         2          0          0          0          0          0   libshutdown.o
         2          0          0          0          0          0   libshutdown2.o
         8          4          0          0         96         68   libspace.o
        72          0          0          0          0         76   llsdiv.o
       138          0          0          0          0         80   lludiv10.o
       238          0          0          0          0        100   lludivv7m.o
         0          0          0          0          0          0   maybetermalloc1.o
        88          0          0          0          0         76   memcmp.o
        16          4          0          0          0         76   rt_ctype_table.o
         8          4          0          0          0         68   rt_errno_addr_intlibspace.o
         8          4          0          0          0         68   rt_heap_descriptor_intlibspace.o
         8          4          0          0          0         68   rt_locale_intlibspace.o
        68          0          0          0          0         68   rt_memclr.o
        78          0          0          0          0         80   rt_memclr_w.o
         0          0          0          0          0          0   rtentry.o
        12          0          0          0          0          0   rtentry2.o
         6          0          0          0          0          0   rtentry4.o
         2          0          0          0          0          0   rtexit.o
        10          0          0          0          0          0   rtexit2.o
       128          0          0          0          0         68   strcmpv7m.o
        62          0          0          0          0         76   strlen.o
        74          0          0          0          0         80   sys_stackheap_outer.o
         2          0          0          0          0         68   use_no_semi.o
         2          0          0          0          0         68   use_no_semi_2.o
        98          4          0          0          0         92   d2f.o
       826         16          0          0          0        348   daddsub_clz.o
        16          4          0          0          0         68   dcheck1.o
       688        140          0          0          0        208   ddiv.o
        46          0          0          0          0         68   dflt_clz.o
       340         12          0          0          0        104   dmul.o
       156          4          0          0          0         92   dnaninf.o
        12          0          0          0          0         68   dretinf.o
       460         56          0          0          0        120   dsqrt_noumaal.o
        86          4          0          0          0         84   f2d.o
       450          8          0          0          0        236   faddsub_clz.o
        24          0          0          0          0         68   fcmpi.o
       388         76          0          0          0         96   fdiv.o
       104          4          0          0          0         84   feqf.o
        54          4          0          0          0         84   ffix.o
        62          4          0          0          0         84   ffixu.o
        86          0          0          0          0        136   fflt_clz.o
       104          4          0          0          0         84   fleqf.o
       258          4          0          0          0         84   fmul.o
       140          4          0          0          0         84   fnaninf.o
        10          0          0          0          0         68   fretinf.o
        98          0          0          0          0         68   frleqf.o
         4          0          0          0          0         68   printf1.o
       100          0          0          0          0         68   retnan.o
        92          0          0          0          0         68   scalbn.o
        48          0          0          0          0         68   trapv.o
         0          0          0          0          0          0   usenofp.o
       636         52         80          0          0        168   asin.o
       548         70        152          0          0        124   atan.o
       384         38          0          0          0        144   atan2.o
        16          6          0          0          0         68   dunder.o
        40          0          0          0          0         68   fpclassify.o
       170          0          0          0          0         96   poly.o
         0          0          8          0          0          0   qnan.o
        76          0          0          0          0         84   sqrt.o

    ----------------------------------------------------------------------
     13848        840        754          0         96       9176   Library Totals
        38          0          1          0          0          0   (incl. Padding)

    ----------------------------------------------------------------------

      Code (inc. data)   RO Data    RW Data    ZI Data      Debug   Library Name

      7190        326        513          0         96       5724   c_w.l
      4750        348          0          0          0       2700   fz_ws.l
      1870        166        240          0          0        752   m_ws.l

    ----------------------------------------------------------------------
     13848        840        754          0         96       9176   Library Totals

    ----------------------------------------------------------------------

==============================================================================


      Code (inc. data)   RO Data    RW Data    ZI Data      Debug   

     42880       2170       4312        328       2568     644778   Grand Totals
     42880       2170       4312         88       2568     644778   ELF Image Totals (compressed)
     42880       2170       4312         88          0          0   ROM Totals

==============================================================================

    Total RO  Size (Code + RO Data)                47192 (  46.09kB)
    Total RW  Size (RW Data + ZI Data)              2896 (   2.83kB)
    Total ROM Size (Code + RO Data + RW Data)      47280 (  46.17kB)

==============================================================================

